Command: C:\esp\tools\Espressif\python_env\idf6.1_py3.13_env\Scripts\python.exe C:\Users\haziq\esp\esp-idf\tools/idf_monitor.py -p COM3 -b 115200 --toolchain-prefix xtensa-esp32-elf- --target esp32 --revision 0 C:\Users\haziq\CLionProjects\EMG+DSP+Telemetry\build\EMG+DSP+Telemetry.elf C:\Users\haziq\CLionProjects\EMG+DSP+Telemetry\build\bootloader\bootloader.elf --force-color -m 'C:\esp\tools\Espressif\python_env\idf6.1_py3.13_env\Scripts\python.exe' 'C:\Users\haziq\esp\esp-idf\tools\idf.py'
ets Jul 29 2019 12:21:46

rst:0x1 (POWERON_RESET),boot:0x13 (SPI_FAST_FLASH_BOOT)
configsip: 0, SPIWP:0xee
clk_drv:0x00,q_drv:0x00,d_drv:0x00,cs0_drv:0x00,hd_drv:0x00,wp_drv:0x00
mode:DIO, clock div:2
load:0x3fff0040,len:6272
load:0x40078000,len:15848
load:0x40080400,len:3920
entry 0x40080644
[0;32mI (27) boot: ESP-IDF v6.1-dev-2938-g12f36a021f-dirty 2nd stage bootloader[0m
[0;32mI (27) boot: compile time Jun  7 2026 22:17:10[0m
[0;32mI (28) boot: Multicore bootloader[0m
[0;32mI (31) boot: chip revision: v3.1[0m
[0;32mI (34) boot.esp32: SPI Speed      : 40MHz[0m
[0;32mI (37) boot.esp32: SPI Mode       : DIO[0m
[0;32mI (41) boot.esp32: SPI Flash Size : 2MB[0m
[0;32mI (45) boot: Enabling RNG early entropy source...[0m
[0;32mI (49) boot: Partition Table:[0m
[0;32mI (52) boot: ## Label            Usage          Type ST Offset   Length[0m
[0;32mI (58) boot:  0 nvs              WiFi data        01 02 00009000 00006000[0m
[0;32mI (65) boot:  1 phy_init         RF data          01 01 0000f000 00001000[0m
[0;32mI (71) boot:  2 factory          factory app      00 00 00010000 00100000[0m
[0;32mI (78) boot: End of partition table[0m
[0;32mI (81) esp_image: segment 0: paddr=00010020 vaddr=3f400020 size=1eed8h (126680) map[0m
[0;32mI (133) esp_image: segment 1: paddr=0002ef00 vaddr=3ffb0000 size=01118h (  4376) load[0m
[0;32mI (135) esp_image: segment 2: paddr=00030020 vaddr=400d0020 size=9cc60h (642144) map[0m
[0;32mI (366) esp_image: segment 3: paddr=000ccc88 vaddr=3ffb1118 size=03350h ( 13136) load[0m
[0;32mI (371) esp_image: segment 4: paddr=000cffe0 vaddr=40080000 size=14ffch ( 86012) load[0m
[0;32mI (407) esp_image: segment 5: paddr=000e4fe4 vaddr=50000000 size=00028h (    40) load[0m
[0;32mI (418) boot: Loaded app from partition at offset 0x10000[0m
[0;32mI (418) boot: Disabling RNG early entropy source...[0m
[0;32mI (428) cpu_start: Multicore app[0m
[0;32mI (436) cpu_start: GPIO 3 and 1 are used as console UART I/O pins[0m
[0;32mI (437) cpu_start: Pro cpu start user code[0m
[0;32mI (437) cpu_start: cpu freq: 160000000 Hz[0m
[0;32mI (439) app_init: Application information:[0m
[0;32mI (442) app_init: Project name:     EMG+DSP+Telemetry[0m
[0;32mI (447) app_init: App version:      1[0m
[0;32mI (450) app_init: Compile time:     Jun  7 2026 22:13:59[0m
[0;32mI (456) app_init: ELF file SHA256:  a33be9064...[0m
[0;32mI (460) app_init: ESP-IDF:          v6.1-dev-2938-g12f36a021f-dirty[0m
[0;32mI (466) efuse_init: Min chip rev:     v0.0[0m
[0;32mI (470) efuse_init: Max chip rev:     v3.99 [0m
[0;32mI (474) efuse_init: Chip rev:         v3.1[0m
[0;32mI (478) heap_init: Initializing. RAM available for dynamic allocation:[0m
[0;32mI (484) heap_init: At 3FFAE6E0 len 00001920 (6 KiB): DRAM[0m
[0;32mI (489) heap_init: At 3FFB8EB8 len 00027148 (156 KiB): DRAM[0m
[0;32mI (494) heap_init: At 3FFE0440 len 00003AE0 (14 KiB): D/IRAM[0m
[0;32mI (500) heap_init: At 3FFE4350 len 0001BCB0 (111 KiB): D/IRAM[0m
[0;32mI (505) heap_init: At 40094FFC len 0000B004 (44 KiB): IRAM[0m
[0;33mW (512) spi_flash: Detected boya flash chip but using generic driver. For optimal functionality, enable `SPI_FLASH_SUPPORT_BOYA_CHIP` in menuconfig[0m
[0;32mI (523) spi_flash: detected chip: generic[0m
[0;32mI (527) spi_flash: flash io: dio[0m
[0;33mW (530) spi_flash: Detected size(4096k) larger than the size in the binary image header(2048k). Using the size in the binary image header.[0m
[0;32mI (544) main_task: Started on CPU0[0m
[0;32mI (554) main_task: Calling app_main()[0m
[0;33mW (554) wifi:wifi osi_nvs_open fail ret=4353[0m

[0;33mW (554) wifi_init: Failed to unregister Rx callbacks[0m
[1;31mE (554) wifi_init: Failed to deinit Wi-Fi driver (0x3001)[0m
[1;31mE (554) wifi_init: Failed to deinit Wi-Fi (0x3001)[0m
ESP_ERROR_CHECK failed: esp_err_t 0x1101 (ESP_ERR_NVS_NOT_INITIALIZED) at 0x400da6dc
file: "./main/network.c" line 32
func: wifi_connect_init
expression: esp_wifi_init(&wifi_init_config)

abort() was called at PC 0x4008988b on core 0


Backtrace: 0x40089931:0x3ffbaec0 0x400898f9:0x3ffbaee0 0x40089431:0x3ffbaf00 0x4008988b:0x3ffbaf70 0x400da6dc:0x3ffbafa0 0x400da7ef:0x3ffbb060 0x400da365:0x3ffbb170 0x400d52ae:0x3ffbb1a0 0x40168cfa:0x3ffbb1d0




ELF file SHA256: a33be9064

Rebooting...
ets Jul 29 2019 12:21:46

rst:0xc (SW_CPU_RESET),boot:0x13 (SPI_FAST_FLASH_BOOT)
configsip: 0, SPIWP:0xee
clk_drv:0x00,q_drv:0x00,d_drv:0x00,cs0_drv:0x00,hd_drv:0x00,wp_drv:0x00
mode:DIO, clock div:2
load:0x3fff0040,len:6272
load:0x40078000,len:15848
load:0x40080400,len:3920
entry 0x40080644
[0;32mI (27) boot: ESP-IDF v6.1-dev-2938-g12f36a021f-dirty 2nd stage bootloader[0m
[0;32mI (27) boot: compile time Jun  7 2026 22:17:10[0m
[0;32mI (27) boot: Multicore bootloader[0m
[0;32mI (31) boot: chip revision: v3.1[0m
[0;32mI (34) boot.esp32: SPI Speed      : 40MHz[0m
[0;32mI (37) boot.esp32: SPI Mode       : DIO[0m
[0;32mI (41) boot.esp32: SPI Flash Size : 2MB[0m
[0;32mI (45) boot: Enabling RNG early entropy source...[0m
[0;32mI (49) boot: Partition Table:[0m
[0;32mI (52) boot: ## Label            Usage          Type ST Offset   Length[0m
[0;32mI (58) boot:  0 nvs              WiFi data        01 02 00009000 00006000[0m
[0;32mI (64) boot:  1 phy_init         RF data          01 01 0000f000 00001000[0m
[0;32mI (71) boot:  2 factory          factory app      00 00 00010000 00100000[0m
[0;32mI (78) boot: End of partition table[0m
[0;32mI (81) esp_image: segment 0: paddr=00010020 vaddr=3f400020 size=1eed8h (126680) map[0m
[0;32mI (133) esp_image: segment 1: paddr=0002ef00 vaddr=3ffb0000 size=01118h (  4376) load[0m
[0;32mI (135) esp_image: segment 2: paddr=00030020 vaddr=400d0020 size=9cc60h (642144) map[0m
[0;32mI (366) esp_image: segment 3: paddr=000ccc88 vaddr=3ffb1118 size=03350h ( 13136) load[0m
[0;32mI (371) esp_image: segment 4: paddr=000cffe0 vaddr=40080000 size=14ffch ( 86012) load[0m
[0;32mI (407) esp_image: segment 5: paddr=000e4fe4 vaddr=50000000 size=00028h (    40) load[0m
[0;32mI (417) boot: Loaded app from partition at offset 0x10000[0m
[0;32mI (418) boot: Disabling RNG early entropy source...[0m
[0;32mI (428) cpu_start: Multicore app[0m
[0;32mI (436) cpu_start: GPIO 3 and 1 are used as console UART I/O pins[0m
[0;32mI (437) cpu_start: Pro cpu start user code[0m
[0;32mI (437) cpu_start: cpu freq: 160000000 Hz[0m
[0;32mI (438) app_init: Application information:[0m
[0;32mI (442) app_init: Project name:     EMG+DSP+Telemetry[0m
[0;32mI (447) app_init: App version:      1[0m
[0;32mI (450) app_init: Compile time:     Jun  7 2026 22:13:59[0m
[0;32mI (455) app_init: ELF file SHA256:  a33be9064...[0m
[0;32mI (460) app_init: ESP-IDF:          v6.1-dev-2938-g12f36a021f-dirty[0m
[0;32mI (466) efuse_init: Min chip rev:     v0.0[0m
[0;32mI (470) efuse_init: Max chip rev:     v3.99 [0m
[0;32mI (474) efuse_init: Chip rev:         v3.1[0m
[0;32mI (478) heap_init: Initializing. RAM available for dynamic allocation:[0m
[0;32mI (484) heap_init: At 3FFAE6E0 len 00001920 (6 KiB): DRAM[0m
[0;32mI (489) heap_init: At 3FFB8EB8 len 00027148 (156 KiB): DRAM[0m
[0;32mI (494) heap_init: At 3FFE0440 len 00003AE0 (14 KiB): D/IRAM[0m
[0;32mI (499) heap_init: At 3FFE4350 len 0001BCB0 (111 KiB): D/IRAM[0m
[0;32mI (505) heap_init: At 40094FFC len 0000B004 (44 KiB): IRAM[0m
[0;33mW (511) spi_flash: Detected boya flash chip but using generic driver. For optimal functionality, enable `SPI_FLASH_SUPPORT_BOYA_CHIP` in menuconfig[0m
[0;32mI (523) spi_flash: detected chip: generic[0m
[0;32mI (527) spi_flash: flash io: dio[0m
[0;33mW (530) spi_flash: Detected size(4096k) larger than the size in the binary image header(2048k). Using the size in the binary image header.[0m
[0;32mI (544) main_task: Started on CPU0[0m
[0;32mI (554) main_task: Calling app_main()[0m
[0;33mW (554) wifi:wifi osi_nvs_open fail ret=4353[0m

[0;33mW (554) wifi_init: Failed to unregister Rx callbacks[0m
[1;31mE (554) wifi_init: Failed to deinit Wi-Fi driver (0x3001)[0m
[1;31mE (554) wifi_init: Failed to deinit Wi-Fi (0x3001)[0m
ESP_ERROR_CHECK failed: esp_err_t 0x1101 (ESP_ERR_NVS_NOT_INITIALIZED) at 0x400da6dc
file: "./main/network.c" line 32
func: wifi_connect_init
expression: esp_wifi_init(&wifi_init_config)

abort() was called at PC 0x4008988b on core 0


Backtrace: 0x40089931:0x3ffbaec0 0x400898f9:0x3ffbaee0 0x40089431:0x3ffbaf00 0x4008988b:0x3ffbaf70 0x400da6dc:0x3ffbafa0 0x400da7ef:0x3ffbb060 0x400da365:0x3ffbb170 0x400d52ae:0x3ffbb1a0 0x40168cfa:0x3ffbb1d0




ELF file SHA256: a33be9064

Rebooting...
ets Jul 29 2019 12:21:46

rst:0xc (SW_CPU_RESET),boot:0x13 (SPI_FAST_FLASH_BOOT)
configsip: 0, SPIWP:0xee
clk_drv:0x00,q_drv:0x00,d_drv:0x00,cs0_drv:0x00,hd_drv:0x00,wp_drv:0x00
mode:DIO, clock div:2
load:0x3fff0040,len:6272
load:0x40078000,len:15848
load:0x40080400,len:3920
entry 0x40080644
[0;32mI (27) boot: ESP-IDF v6.1-dev-2938-g12f36a021f-dirty 2nd stage bootloader[0m
[0;32mI (27) boot: compile time Jun  7 2026 22:17:10[0m
[0;32mI (27) boot: Multicore bootloader[0m
[0;32mI (31) boot: chip revision: v3.1[0m
[0;32mI (34) boot.esp32: SPI Speed      : 40MHz[0m
[0;32mI (37) boot.esp32: SPI Mode       : DIO[0m
[0;32mI (41) boot.esp32: SPI Flash Size : 2MB[0m
[0;32mI (45) boot: Enabling RNG early entropy source...[0m
[0;32mI (49) boot: Partition Table:[0m
[0;32mI (52) boot: ## Label            Usage          Type ST Offset   Length[0m
[0;32mI (58) boot:  0 nvs              WiFi data        01 02 00009000 00006000[0m
[0;32mI (64) boot:  1 phy_init         RF data          01 01 0000f000 00001000[0m
[0;32mI (71) boot:  2 factory          factory app      00 00 00010000 00100000[0m
[0;32mI (78) boot: End of partition table[0m
[0;32mI (81) esp_image: segment 0: paddr=00010020 vaddr=3f400020 size=1eed8h (126680) map[0m
[0;32mI (133) esp_image: segment 1: paddr=0002ef00 vaddr=3ffb0000 size=01118h (  4376) load[0m
[0;32mI (135) esp_image: segment 2: paddr=00030020 vaddr=400d0020 size=9cc60h (642144) map[0m
[0;32mI (366) esp_image: segment 3: paddr=000ccc88 vaddr=3ffb1118 size=03350h ( 13136) load[0m
[0;32mI (371) esp_image: segment 4: paddr=000cffe0 vaddr=40080000 size=14ffch ( 86012) load[0m
[0;32mI (407) esp_image: segment 5: paddr=000e4fe4 vaddr=50000000 size=00028h (    40) load[0m
[0;32mI (417) boot: Loaded app from partition at offset 0x10000[0m
[0;32mI (418) boot: Disabling RNG early entropy source...[0m
[0;32mI (428) cpu_start: Multicore app[0m
[0;32mI (436) cpu_start: GPIO 3 and 1 are used as console UART I/O pins[0m
[0;32mI (437) cpu_start: Pro cpu start user code[0m
[0;32mI (437) cpu_start: cpu freq: 160000000 Hz[0m
[0;32mI (438) app_init: Application information:[0m
[0;32mI (442) app_init: Project name:     EMG+DSP+Telemetry[0m
[0;32mI (447) app_init: App version:      1[0m
[0;32mI (450) app_init: Compile time:     Jun  7 2026 22:13:59[0m
[0;32mI (455) app_init: ELF file SHA256:  a33be9064...[0m
[0;32mI (460) app_init: ESP-IDF:          v6.1-dev-2938-g12f36a021f-dirty[0m
[0;32mI (466) efuse_init: Min chip rev:     v0.0[0m
[0;32mI (470) efuse_init: Max chip rev:     v3.99 [0m
[0;32mI (474) efuse_init: Chip rev:         v3.1[0m
[0;32mI (478) heap_init: Initializing. RAM available for dynamic allocation:[0m
[0;32mI (484) heap_init: At 3FFAE6E0 len 00001920 (6 KiB): DRAM[0m
[0;32mI (489) heap_init: At 3FFB8EB8 len 00027148 (156 KiB): DRAM[0m
[0;32mI (494) heap_init: At 3FFE0440 len 00003AE0 (14 KiB): D/IRAM[0m
[0;32mI (499) heap_init: At 3FFE4350 len 0001BCB0 (111 KiB): D/IRAM[0m
[0;32mI (505) heap_init: At 40094FFC len 0000B004 (44 KiB): IRAM[0m
[0;33mW (511) spi_flash: Detected boya flash chip but using generic driver. For optimal functionality, enable `SPI_FLASH_SUPPORT_BOYA_CHIP` in menuconfig[0m
[0;32mI (523) spi_flash: detected chip: generic[0m
[0;32mI (527) spi_flash: flash io: dio[0m
[0;33mW (530) spi_flash: Detected size(4096k) larger than the size in the binary image header(2048k). Using the size in the binary image header.[0m
[0;32mI (544) main_task: Started on CPU0[0m
[0;32mI (554) main_task: Calling app_main()[0m
[0;33mW (554) wifi:wifi osi_nvs_open fail ret=4353[0m

[0;33mW (554) wifi_init: Failed to unregister Rx callbacks[0m
[1;31mE (554) wifi_init: Failed to deinit Wi-Fi driver (0x3001)[0m
[1;31mE (554) wifi_init: Failed to deinit Wi-Fi (0x3001)[0m
ESP_ERROR_CHECK failed: esp_err_t 0x1101 (ESP_ERR_NVS_NOT_INITIALIZED) at 0x400da6dc
file: "./main/network.c" line 32
func: wifi_connect_init
expression: esp_wifi_init(&wifi_init_config)

abort() was called at PC 0x4008988b on core 0


Backtrace: 0x40089931:0x3ffbaec0 0x400898f9:0x3ffbaee0 0x40089431:0x3ffbaf00 0x4008988b:0x3ffbaf70 0x400da6dc:0x3ffbafa0 0x400da7ef:0x3ffbb060 0x400da365:0x3ffbb170 0x400d52ae:0x3ffbb1a0 0x40168cfa:0x3ffbb1d0




ELF file SHA256: a33be9064

Rebooting...
ets Jul 29 2019 12:21:46

rst:0xc (SW_CPU_RESET),boot:0x13 (SPI_FAST_FLASH_BOOT)
configsip: 0, SPIWP:0xee
clk_drv:0x00,q_drv:0x00,d_drv:0x00,cs0_drv:0x00,hd_drv:0x00,wp_drv:0x00
mode:DIO, clock div:2
load:0x3fff0040,len:6272
load:0x40078000,len:15848
load:0x40080400,len:3920
entry 0x40080644
[0;32mI (27) boot: ESP-IDF v6.1-dev-2938-g12f36a021f-dirty 2nd stage bootloader[0m
[0;32mI (27) boot: compile time Jun  7 2026 22:17:10[0m
[0;32mI (27) boot: Multicore bootloader[0m
[0;32mI (31) boot: chip revision: v3.1[0m
[0;32mI (34) boot.esp32: SPI Speed      : 40MHz[0m
[0;32mI (37) boot.esp32: SPI Mode       : DIO[0m
[0;32mI (41) boot.esp32: SPI Flash Size : 2MB[0m
[0;32mI (45) boot: Enabling RNG early entropy source...[0m
[0;32mI (49) boot: Partition Table:[0m
[0;32mI (52) boot: ## Label            Usage          Type ST Offset   Length[0m
[0;32mI (58) boot:  0 nvs              WiFi data        01 02 00009000 00006000[0m
[0;32mI (64) boot:  1 phy_init         RF data          01 01 0000f000 00001000[0m
[0;32mI (71) boot:  2 factory          factory app      00 00 00010000 00100000[0m
[0;32mI (78) boot: End of partition table[0m
[0;32mI (81) esp_image: segment 0: paddr=00010020 vaddr=3f400020 size=1eed8h (126680) map[0m
[0;32mI (133) esp_image: segment 1: paddr=0002ef00 vaddr=3ffb0000 size=01118h (  4376) load[0m
[0;32mI (135) esp_image: segment 2: paddr=00030020 vaddr=400d0020 size=9cc60h (642144) map[0m
[0;32mI (366) esp_image: segment 3: paddr=000ccc88 vaddr=3ffb1118 size=03350h ( 13136) load[0m
[0;32mI (371) esp_image: segment 4: paddr=000cffe0 vaddr=40080000 size=14ffch ( 86012) load[0m
[0;32mI (407) esp_image: segment 5: paddr=000e4fe4 vaddr=50000000 size=00028h (    40) load[0m
[0;32mI (417) boot: Loaded app from partition at offset 0x10000[0m
[0;32mI (418) boot: Disabling RNG early entropy source...[0m
[0;32mI (428) cpu_start: Multicore app[0m
[0;32mI (436) cpu_start: GPIO 3 and 1 are used as console UART I/O pins[0m
[0;32mI (437) cpu_start: Pro cpu start user code[0m
[0;32mI (437) cpu_start: cpu freq: 160000000 Hz[0m
[0;32mI (438) app_init: Application information:[0m
[0;32mI (442) app_init: Project name:     EMG+DSP+Telemetry[0m
[0;32mI (447) app_init: App version:      1[0m
[0;32mI (450) app_init: Compile time:     Jun  7 2026 22:13:59[0m
[0;32mI (455) app_init: ELF file SHA256:  a33be9064...[0m
[0;32mI (460) app_init: ESP-IDF:          v6.1-dev-2938-g12f36a021f-dirty[0m
[0;32mI (466) efuse_init: Min chip rev:     v0.0[0m
[0;32mI (470) efuse_init: Max chip rev:     v3.99 [0m
[0;32mI (474) efuse_init: Chip rev:         v3.1[0m
[0;32mI (478) heap_init: Initializing. RAM available for dynamic allocation:[0m
[0;32mI (484) heap_init: At 3FFAE6E0 len 00001920 (6 KiB): DRAM[0m
[0;32mI (489) heap_init: At 3FFB8EB8 len 00027148 (156 KiB): DRAM[0m
[0;32mI (494) heap_init: At 3FFE0440 len 00003AE0 (14 KiB): D/IRAM[0m
[0;32mI (499) heap_init: At 3FFE4350 len 0001BCB0 (111 KiB): D/IRAM[0m
[0;32mI (505) heap_init: At 40094FFC len 0000B004 (44 KiB): IRAM[0m
[0;33mW (511) spi_flash: Detected boya flash chip but using generic driver. For optimal functionality, enable `SPI_FLASH_SUPPORT_BOYA_CHIP` in menuconfig[0m
[0;32mI (523) spi_flash: detected chip: generic[0m
[0;32mI (527) spi_flash: flash io: dio[0m
[0;33mW (530) spi_flash: Detected size(4096k) larger than the size in the binary image header(2048k). Using the size in the binary image header.[0m
[0;32mI (544) main_task: Started on CPU0[0m
[0;32mI (554) main_task: Calling app_main()[0m
[0;33mW (554) wifi:wifi osi_nvs_open fail ret=4353[0m

[0;33mW (554) wifi_init: Failed to unregister Rx callbacks[0m
[1;31mE (554) wifi_init: Failed to deinit Wi-Fi driver (0x3001)[0m
[1;31mE (554) wifi_init: Failed to deinit Wi-Fi (0x3001)[0m
ESP_ERROR_CHECK failed: esp_err_t 0x1101 (ESP_ERR_NVS_NOT_INITIALIZED) at 0x400da6dc
file: "./main/network.c" line 32
func: wifi_connect_init
expression: esp_wifi_init(&wifi_init_config)

abort() was called at PC 0x4008988b on core 0


Backtrace: 0x40089931:0x3ffbaec0 0x400898f9:0x3ffbaee0 0x40089431:0x3ffbaf00 0x4008988b:0x3ffbaf70 0x400da6dc:0x3ffbafa0 0x400da7ef:0x3ffbb060 0x400da365:0x3ffbb170 0x400d52ae:0x3ffbb1a0 0x40168cfa:0x3ffbb1d0




ELF file SHA256: a33be9064

Rebooting...
ets Jul 29 2019 12:21:46

rst:0xc (SW_CPU_RESET),boot:0x13 (SPI_FAST_FLASH_BOOT)
configsip: 0, SPIWP:0xee
clk_drv:0x00,q_drv:0x00,d_drv:0x00,cs0_drv:0x00,hd_drv:0x00,wp_drv:0x00
mode:DIO, clock div:2
load:0x3fff0040,len:6272
load:0x40078000,len:15848
load:0x40080400,len:3920
entry 0x40080644
[0;32mI (27) boot: ESP-IDF v6.1-dev-2938-g12f36a021f-dirty 2nd stage bootloader[0m
[0;32mI (27) boot: compile time Jun  7 2026 22:17:10[0m
[0;32mI (27) boot: Multicore bootloader[0m
[0;32mI (31) boot: chip revision: v3.1[0m
[0;32mI (34) boot.esp32: SPI Speed      : 40MHz[0m
[0;32mI (37) boot.esp32: SPI Mode       : DIO[0m
[0;32mI (41) boot.esp32: SPI Flash Size : 2MB[0m
[0;32mI (45) boot: Enabling RNG early entropy source...[0m
[0;32mI (49) boot: Partition Table:[0m
[0;32mI (52) boot: ## Label            Usage          Type ST Offset   Length[0m
[0;32mI (58) boot:  0 nvs              WiFi data        01 02 00009000 00006000[0m
[0;32mI (64) boot:  1 phy_init         RF data          01 01 0000f000 00001000[0m
[0;32mI (71) boot:  2 factory          factory app      00 00 00010000 00100000[0m
[0;32mI (78) boot: End of partition table[0m
[0;32mI (81) esp_image: segment 0: paddr=00010020 vaddr=3f400020 size=1eed8h (126680) map[0m
[0;32mI (133) esp_image: segment 1: paddr=0002ef00 vaddr=3ffb0000 size=01118h (  4376) load[0m
[0;32mI (135) esp_image: segment 2: paddr=00030020 vaddr=400d0020 size=9cc60h (642144) map[0m
[0;32mI (366) esp_image: segment 3: paddr=000ccc88 vaddr=3ffb1118 size=03350h ( 13136) load[0m
[0;32mI (371) esp_image: segment 4: paddr=000cffe0 vaddr=40080000 size=14ffch ( 86012) load[0m
[0;32mI (407) esp_image: segment 5: paddr=000e4fe4 vaddr=50000000 size=00028h (    40) load[0m
[0;32mI (417) boot: Loaded app from partition at offset 0x10000[0m
[0;32mI (418) boot: Disabling RNG early entropy source...[0m
[0;32mI (428) cpu_start: Multicore app[0m
[0;32mI (436) cpu_start: GPIO 3 and 1 are used as console UART I/O pins[0m
[0;32mI (437) cpu_start: Pro cpu start user code[0m
[0;32mI (437) cpu_start: cpu freq: 160000000 Hz[0m
[0;32mI (438) app_init: Application information:[0m
[0;32mI (442) app_init: Project name:     EMG+DSP+Telemetry[0m
[0;32mI (447) app_init: App version:      1[0m
[0;32mI (450) app_init: Compile time:     Jun  7 2026 22:13:59[0m
[0;32mI (455) app_init: ELF file SHA256:  a33be9064...[0m
[0;32mI (460) app_init: ESP-IDF:          v6.1-dev-2938-g12f36a021f-dirty[0m
[0;32mI (466) efuse_init: Min chip rev:     v0.0[0m
[0;32mI (470) efuse_init: Max chip rev:     v3.99 [0m
[0;32mI (474) efuse_init: Chip rev:         v3.1[0m
[0;32mI (478) heap_init: Initializing. RAM available for dynamic allocation:[0m
[0;32mI (484) heap_init: At 3FFAE6E0 len 00001920 (6 KiB): DRAM[0m
[0;32mI (489) heap_init: At 3FFB8EB8 len 00027148 (156 KiB): DRAM[0m
[0;32mI (494) heap_init: At 3FFE0440 len 00003AE0 (14 KiB): D/IRAM[0m
[0;32mI (499) heap_init: At 3FFE4350 len 0001BCB0 (111 KiB): D/IRAM[0m
[0;32mI (505) heap_init: At 40094FFC len 0000B004 (44 KiB): IRAM[0m
[0;33mW (511) spi_flash: Detected boya flash chip but using generic driver. For optimal functionality, enable `SPI_FLASH_SUPPORT_BOYA_CHIP` in menuconfig[0m
[0;32mI (523) spi_flash: detected chip: generic[0m
[0;32mI (527) spi_flash: flash io: dio[0m
[0;33mW (530) spi_flash: Detected size(4096k) larger than the size in the binary image header(2048k). Using the size in the binary image header.[0m
[0;32mI (544) main_task: Started on CPU0[0m
[0;32mI (554) main_task: Calling app_main()[0m
[0;33mW (554) wifi:wifi osi_nvs_open fail ret=4353[0m

[0;33mW (554) wifi_init: Failed to unregister Rx callbacks[0m
[1;31mE (554) wifi_init: Failed to deinit Wi-Fi driver (0x3001)[0m
[1;31mE (554) wifi_init: Failed to deinit Wi-Fi (0x3001)[0m
ESP_ERROR_CHECK failed: esp_err_t 0x1101 (ESP_ERR_NVS_NOT_INITIALIZED) at 0x400da6dc
file: "./main/network.c" line 32
func: wifi_connect_init
expression: esp_wifi_init(&wifi_init_config)

abort() was called at PC 0x4008988b on core 0


Backtrace: 0x40089931:0x3ffbaec0 0x400898f9:0x3ffbaee0 0x40089431:0x3ffbaf00 0x4008988b:0x3ffbaf70 0x400da6dc:0x3ffbafa0 0x400da7ef:0x3ffbb060 0x400da365:0x3ffbb170 0x400d52ae:0x3ffbb1a0 0x40168cfa:0x3ffbb1d0




ELF file SHA256: a33be9064

Rebooting...
ets Jul 29 2019 12:21:46

rst:0xc (SW_CPU_RESET),boot:0x13 (SPI_FAST_FLASH_BOOT)
configsip: 0, SPIWP:0xee
clk_drv:0x00,q_drv:0x00,d_drv:0x00,cs0_drv:0x00,hd_drv:0x00,wp_drv:0x00
mode:DIO, clock div:2
load:0x3fff0040,len:6272
load:0x40078000,len:15848
load:0x40080400,len:3920
entry 0x40080644
[0;32mI (27) boot: ESP-IDF v6.1-dev-2938-g12f36a021f-dirty 2nd stage bootloader[0m
[0;32mI (27) boot: compile time Jun  7 2026 22:17:10[0m
[0;32mI (27) boot: Multicore bootloader[0m
[0;32mI (31) boot: chip revision: v3.1[0m
[0;32mI (34) boot.esp32: SPI Speed      : 40MHz[0m
[0;32mI (37) boot.esp32: SPI Mode       : DIO[0m
[0;32mI (41) boot.esp32: SPI Flash Size : 2MB[0m
[0;32mI (45) boot: Enabling RNG early entropy source...[0m
[0;32mI (49) boot: Partition Table:[0m
[0;32mI (52) boot: ## Label            Usage          Type ST Offset   Length[0m
[0;32mI (58) boot:  0 nvs              WiFi data        01 02 00009000 00006000[0m
[0;32mI (64) boot:  1 phy_init         RF data          01 01 0000f000 00001000[0m
[0;32mI (71) boot:  2 factory          factory app      00 00 00010000 00100000[0m
[0;32mI (78) boot: End of partition table[0m
[0;32mI (81) esp_image: segment 0: paddr=00010020 vaddr=3f400020 size=1eed8h (126680) map[0m
[0;32mI (133) esp_image: segment 1: paddr=0002ef00 vaddr=3ffb0000 size=01118h (  4376) load[0m
[0;32mI (135) esp_image: segment 2: paddr=00030020 vaddr=400d0020 size=9cc60h (642144) map[0m
[0;32mI (366) esp_image: segment 3: paddr=000ccc88 vaddr=3ffb1118 size=03350h ( 13136) load[0m
[0;32mI (371) esp_image: segment 4: paddr=000cffe0 vaddr=40080000 size=14ffch ( 86012) load[0m
[0;32mI (407) esp_image: segment 5: paddr=000e4fe4 vaddr=50000000 size=00028h (    40) load[0m
[0;32mI (417) boot: Loaded app from partition at offset 0x10000[0m
[0;32mI (418) boot: Disabling RNG early entropy source...[0m
[0;32mI (428) cpu_start: Multicore app[0m
[0;32mI (436) cpu_start: GPIO 3 and 1 are used as console UART I/O pins[0m
[0;32mI (437) cpu_start: Pro cpu start user code[0m
[0;32mI (437) cpu_start: cpu freq: 160000000 Hz[0m
[0;32mI (438) app_init: Application information:[0m
[0;32mI (442) app_init: Project name:     EMG+DSP+Telemetry[0m
[0;32mI (447) app_init: App version:      1[0m
[0;32mI (450) app_init: Compile time:     Jun  7 2026 22:13:59[0m
[0;32mI (455) app_init: ELF file SHA256:  a33be9064...[0m
[0;32mI (460) app_init: ESP-IDF:          v6.1-dev-2938-g12f36a021f-dirty[0m
[0;32mI (466) efuse_init: Min chip rev:     v0.0[0m
[0;32mI (470) efuse_init: Max chip rev:     v3.99 [0m
[0;32mI (474) efuse_init: Chip rev:         v3.1[0m
[0;32mI (478) heap_init: Initializing. RAM available for dynamic allocation:[0m
[0;32mI (484) heap_init: At 3FFAE6E0 len 00001920 (6 KiB): DRAM[0m
[0;32mI (489) heap_init: At 3FFB8EB8 len 00027148 (156 KiB): DRAM[0m
[0;32mI (494) heap_init: At 3FFE0440 len 00003AE0 (14 KiB): D/IRAM[0m
[0;32mI (499) heap_init: At 3FFE4350 len 0001BCB0 (111 KiB): D/IRAM[0m
[0;32mI (505) heap_init: At 40094FFC len 0000B004 (44 KiB): IRAM[0m
[0;33mW (511) spi_flash: Detected boya flash chip but using generic driver. For optimal functionality, enable `SPI_FLASH_SUPPORT_BOYA_CHIP` in menuconfig[0m
[0;32mI (523) spi_flash: detected chip: generic[0m
[0;32mI (527) spi_flash: flash io: dio[0m
[0;33mW (530) spi_flash: Detected size(4096k) larger than the size in the binary image header(2048k). Using the size in the binary image header.[0m
[0;32mI (544) main_task: Started on CPU0[0m
[0;32mI (554) main_task: Calling app_main()[0m
[0;33mW (554) wifi:wifi osi_nvs_open fail ret=4353[0m

[0;33mW (554) wifi_init: Failed to unregister Rx callbacks[0m
[1;31mE (554) wifi_init: Failed to deinit Wi-Fi driver (0x3001)[0m
[1;31mE (554) wifi_init: Failed to deinit Wi-Fi (0x3001)[0m
ESP_ERROR_CHECK failed: esp_err_t 0x1101 (ESP_ERR_NVS_NOT_INITIALIZED) at 0x400da6dc
file: "./main/network.c" line 32
func: wifi_connect_init
expression: esp_wifi_init(&wifi_init_config)

abort() was called at PC 0x4008988b on core 0


Backtrace: 0x40089931:0x3ffbaec0 0x400898f9:0x3ffbaee0 0x40089431:0x3ffbaf00 0x4008988b:0x3ffbaf70 0x400da6dc:0x3ffbafa0 0x400da7ef:0x3ffbb060 0x400da365:0x3ffbb170 0x400d52ae:0x3ffbb1a0 0x40168cfa:0x3ffbb1d0




ELF file SHA256: a33be9064

Rebooting...
ets Jul 29 2019 12:21:46

rst:0xc (SW_CPU_RESET),boot:0x13 (SPI_FAST_FLASH_BOOT)
configsip: 0, SPIWP:0xee
clk_drv:0x00,q_drv:0x00,d_drv:0x00,cs0_drv:0x00,hd_drv:0x00,wp_drv:0x00
mode:DIO, clock div:2
load:0x3fff0040,len:6272
load:0x40078000,len:15848
load:0x40080400,len:3920
entry 0x40080644
[0;32mI (27) boot: ESP-IDF v6.1-dev-2938-g12f36a021f-dirty 2nd stage bootloader[0m
[0;32mI (27) boot: compile time Jun  7 2026 22:17:10[0m
[0;32mI (27) boot: Multicore bootloader[0m
[0;32mI (31) boot: chip revision: v3.1[0m
[0;32mI (34) boot.esp32: SPI Speed      : 40MHz[0m
[0;32mI (37) boot.esp32: SPI Mode       : DIO[0m
[0;32mI (41) boot.esp32: SPI Flash Size : 2MB[0m
[0;32mI (45) boot: Enabling RNG early entropy source...[0m
[0;32mI (49) boot: Partition Table:[0m
[0;32mI (52) boot: ## Label            Usage          Type ST Offset   Length[0m
[0;32mI (58) boot:  0 nvs              WiFi data        01 02 00009000 00006000[0m
[0;32mI (64) boot:  1 phy_init         RF data          01 01 0000f000 00001000[0m
[0;32mI (71) boot:  2 factory          factory app      00 00 00010000 00100000[0m
[0;32mI (78) boot: End of partition table[0m
[0;32mI (81) esp_image: segment 0: paddr=00010020 vaddr=3f400020 size=1eed8h (126680) map[0m
[0;32mI (133) esp_image: segment 1: paddr=0002ef00 vaddr=3ffb0000 size=01118h (  4376) load[0m
[0;32mI (135) esp_image: segment 2: paddr=00030020 vaddr=400d0020 size=9cc60h (642144) map[0m
[0;32mI (366) esp_image: segment 3: paddr=000ccc88 vaddr=3ffb1118 size=03350h ( 13136) load[0m
[0;32mI (371) esp_image: segment 4: paddr=000cffe0 vaddr=40080000 size=14ffch ( 86012) load[0m
[0;32mI (407) esp_image: segment 5: paddr=000e4fe4 vaddr=50000000 size=00028h (    40) load[0m
[0;32mI (417) boot: Loaded app from partition at offset 0x10000[0m
[0;32mI (418) boot: Disabling RNG early entropy source...[0m
[0;32mI (428) cpu_start: Multicore app[0m
[0;32mI (436) cpu_start: GPIO 3 and 1 are used as console UART I/O pins[0m
[0;32mI (437) cpu_start: Pro cpu start user code[0m
[0;32mI (437) cpu_start: cpu freq: 160000000 Hz[0m
[0;32mI (438) app_init: Application information:[0m
[0;32mI (442) app_init: Project name:     EMG+DSP+Telemetry[0m
[0;32mI (447) app_init: App version:      1[0m
[0;32mI (450) app_init: Compile time:     Jun  7 2026 22:13:59[0m
[0;32mI (455) app_init: ELF file SHA256:  a33be9064...[0m
[0;32mI (460) app_init: ESP-IDF:          v6.1-dev-2938-g12f36a021f-dirty[0m
[0;32mI (466) efuse_init: Min chip rev:     v0.0[0m
[0;32mI (470) efuse_init: Max chip rev:     v3.99 [0m
[0;32mI (474) efuse_init: Chip rev:         v3.1[0m
[0;32mI (478) heap_init: Initializing. RAM available for dynamic allocation:[0m
[0;32mI (484) heap_init: At 3FFAE6E0 len 00001920 (6 KiB): DRAM[0m
[0;32mI (489) heap_init: At 3FFB8EB8 len 00027148 (156 KiB): DRAM[0m
[0;32mI (494) heap_init: At 3FFE0440 len 00003AE0 (14 KiB): D/IRAM[0m
[0;32mI (499) heap_init: At 3FFE4350 len 0001BCB0 (111 KiB): D/IRAM[0m
[0;32mI (505) heap_init: At 40094FFC len 0000B004 (44 KiB): IRAM[0m
[0;33mW (511) spi_flash: Detected boya flash chip but using generic driver. For optimal functionality, enable `SPI_FLASH_SUPPORT_BOYA_CHIP` in menuconfig[0m
[0;32mI (523) spi_flash: detected chip: generic[0m
[0;32mI (527) spi_flash: flash io: dio[0m
[0;33mW (530) spi_flash: Detected size(4096k) larger than the size in the binary image header(2048k). Using the size in the binary image header.[0m
[0;32mI (544) main_task: Started on CPU0[0m
[0;32mI (554) main_task: Calling app_main()[0m
[0;33mW (554) wifi:wifi osi_nvs_open fail ret=4353[0m

[0;33mW (554) wifi_init: Failed to unregister Rx callbacks[0m
[1;31mE (554) wifi_init: Failed to deinit Wi-Fi driver (0x3001)[0m
[1;31mE (554) wifi_init: Failed to deinit Wi-Fi (0x3001)[0m
ESP_ERROR_CHECK failed: esp_err_t 0x1101 (ESP_ERR_NVS_NOT_INITIALIZED) at 0x400da6dc
file: "./main/network.c" line 32
func: wifi_connect_init
expression: esp_wifi_init(&wifi_init_config)

abort() was called at PC 0x4008988b on core 0


Backtrace: 0x40089931:0x3ffbaec0 0x400898f9:0x3ffbaee0 0x40089431:0x3ffbaf00 0x4008988b:0x3ffbaf70 0x400da6dc:0x3ffbafa0 0x400da7ef:0x3ffbb060 0x400da365:0x3ffbb170 0x400d52ae:0x3ffbb1a0 0x40168cfa:0x3ffbb1d0




ELF file SHA256: a33be9064

Rebooting...
ets Jul 29 2019 12:21:46

rst:0xc (SW_CPU_RESET),boot:0x13 (SPI_FAST_FLASH_BOOT)
configsip: 0, SPIWP:0xee
clk_drv:0x00,q_drv:0x00,d_drv:0x00,cs0_drv:0x00,hd_drv:0x00,wp_drv:0x00
mode:DIO, clock div:2
load:0x3fff0040,len:6272
load:0x40078000,len:15848
load:0x40080400,len:3920
entry 0x40080644
[0;32mI (27) boot: ESP-IDF v6.1-dev-2938-g12f36a021f-dirty 2nd stage bootloader[0m
[0;32mI (27) boot: compile time Jun  7 2026 22:17:10[0m
[0;32mI (27) boot: Multicore bootloader[0m
[0;32mI (31) boot: chip revision: v3.1[0m
[0;32mI (34) boot.esp32: SPI Speed      : 40MHz[0m
[0;32mI (37) boot.esp32: SPI Mode       : DIO[0m
[0;32mI (41) boot.esp32: SPI Flash Size : 2MB[0m
[0;32mI (45) boot: Enabling RNG early entropy source...[0m
[0;32mI (49) boot: Partition Table:[0m
[0;32mI (52) boot: ## Label            Usage          Type ST Offset   Length[0m
[0;32mI (58) boot:  0 nvs              WiFi data        01 02 00009000 00006000[0m
[0;32mI (64) boot:  1 phy_init         RF data          01 01 0000f000 00001000[0m
[0;32mI (71) boot:  2 factory          factory app      00 00 00010000 00100000[0m
[0;32mI (78) boot: End of partition table[0m
[0;32mI (81) esp_image: segment 0: paddr=00010020 vaddr=3f400020 size=1eed8h (126680) map[0m
[0;32mI (133) esp_image: segment 1: paddr=0002ef00 vaddr=3ffb0000 size=01118h (  4376) load[0m
[0;32mI (135) esp_image: segment 2: paddr=00030020 vaddr=400d0020 size=9cc60h (642144) map[0m
[0;32mI (366) esp_image: segment 3: paddr=000ccc88 vaddr=3ffb1118 size=03350h ( 13136) load[0m
[0;32mI (371) esp_image: segment 4: paddr=000cffe0 vaddr=40080000 size=14ffch ( 86012) load[0m
[0;32mI (407) esp_image: segment 5: paddr=000e4fe4 vaddr=50000000 size=00028h (    40) load[0m
[0;32mI (417) boot: Loaded app from partition at offset 0x10000[0m
[0;32mI (418) boot: Disabling RNG early entropy source...[0m
[0;32mI (428) cpu_start: Multicore app[0m
[0;32mI (436) cpu_start: GPIO 3 and 1 are used as console UART I/O pins[0m
[0;32mI (437) cpu_start: Pro cpu start user code[0m
[0;32mI (437) cpu_start: cpu freq: 160000000 Hz[0m
[0;32mI (438) app_init: Application information:[0m
[0;32mI (442) app_init: Project name:     EMG+DSP+Telemetry[0m
[0;32mI (447) app_init: App version:      1[0m
[0;32mI (450) app_init: Compile time:     Jun  7 2026 22:13:59[0m
[0;32mI (455) app_init: ELF file SHA256:  a33be9064...[0m
[0;32mI (460) app_init: ESP-IDF:          v6.1-dev-2938-g12f36a021f-dirty[0m
[0;32mI (466) efuse_init: Min chip rev:     v0.0[0m
[0;32mI (470) efuse_init: Max chip rev:     v3.99 [0m
[0;32mI (474) efuse_init: Chip rev:         v3.1[0m
[0;32mI (478) heap_init: Initializing. RAM available for dynamic allocation:[0m
[0;32mI (484) heap_init: At 3FFAE6E0 len 00001920 (6 KiB): DRAM[0m
[0;32mI (489) heap_init: At 3FFB8EB8 len 00027148 (156 KiB): DRAM[0m
[0;32mI (494) heap_init: At 3FFE0440 len 00003AE0 (14 KiB): D/IRAM[0m
[0;32mI (499) heap_init: At 3FFE4350 len 0001BCB0 (111 KiB): D/IRAM[0m
[0;32mI (505) heap_init: At 40094FFC len 0000B004 (44 KiB): IRAM[0m
[0;33mW (511) spi_flash: Detected boya flash chip but using generic driver. For optimal functionality, enable `SPI_FLASH_SUPPORT_BOYA_CHIP` in menuconfig[0m
[0;32mI (523) spi_flash: detected chip: generic[0m
[0;32mI (527) spi_flash: flash io: dio[0m
[0;33mW (530) spi_flash: Detected size(4096k) larger than the size in the binary image header(2048k). Using the size in the binary image header.[0m
[0;32mI (544) main_task: Started on CPU0[0m
[0;32mI (554) main_task: Calling app_main()[0m
[0;33mW (554) wifi:wifi osi_nvs_open fail ret=4353[0m

[0;33mW (554) wifi_init: Failed to unregister Rx callbacks[0m
[1;31mE (554) wifi_init: Failed to deinit Wi-Fi driver (0x3001)[0m
[1;31mE (554) wifi_init: Failed to deinit Wi-Fi (0x3001)[0m
ESP_ERROR_CHECK failed: esp_err_t 0x1101 (ESP_ERR_NVS_NOT_INITIALIZED) at 0x400da6dc
file: "./main/network.c" line 32
func: wifi_connect_init
expression: esp_wifi_init(&wifi_init_config)

abort() was called at PC 0x4008988b on core 0


Backtrace: 0x40089931:0x3ffbaec0 0x400898f9:0x3ffbaee0 0x40089431:0x3ffbaf00 0x4008988b:0x3ffbaf70 0x400da6dc:0x3ffbafa0 0x400da7ef:0x3ffbb060 0x400da365:0x3ffbb170 0x400d52ae:0x3ffbb1a0 0x40168cfa:0x3ffbb1d0




ELF file SHA256: a33be9064

Rebooting...
ets Jul 29 2019 12:21:46

rst:0xc (SW_CPU_RESET),boot:0x13 (SPI_FAST_FLASH_BOOT)
configsip: 0, SPIWP:0xee
clk_drv:0x00,q_drv:0x00,d_drv:0x00,cs0_drv:0x00,hd_drv:0x00,wp_drv:0x00
mode:DIO, clock div:2
load:0x3fff0040,len:6272
load:0x40078000,len:15848
load:0x40080400,len:3920
entry 0x40080644
[0;32mI (27) boot: ESP-IDF v6.1-dev-2938-g12f36a021f-dirty 2nd stage bootloader[0m
[0;32mI (27) boot: compile time Jun  7 2026 22:17:10[0m
[0;32mI (27) boot: Multicore bootloader[0m
[0;32mI (31) boot: chip revision: v3.1[0m
[0;32mI (34) boot.esp32: SPI Speed      : 40MHz[0m
[0;32mI (37) boot.esp32: SPI Mode       : DIO[0m
[0;32mI (41) boot.esp32: SPI Flash Size : 2MB[0m
[0;32mI (45) boot: Enabling RNG early entropy source...[0m
[0;32mI (49) boot: Partition Table:[0m
[0;32mI (52) boot: ## Label            Usage          Type ST Offset   Length[0m
[0;32mI (58) boot:  0 nvs              WiFi data        01 02 00009000 00006000[0m
[0;32mI (64) boot:  1 phy_init         RF data          01 01 0000f000 00001000[0m
[0;32mI (71) boot:  2 factory          factory app      00 00 00010000 00100000[0m
[0;32mI (78) boot: End of partition table[0m
[0;32mI (81) esp_image: segment 0: paddr=00010020 vaddr=3f400020 size=1eed8h (126680) map[0m
[0;32mI (133) esp_image: segment 1: paddr=0002ef00 vaddr=3ffb0000 size=01118h (  4376) load[0m
[0;32mI (135) esp_image: segment 2: paddr=00030020 vaddr=400d0020 size=9cc60h (642144) map[0m
[0;32mI (366) esp_image: segment 3: paddr=000ccc88 vaddr=3ffb1118 size=03350h ( 13136) load[0m
[0;32mI (371) esp_image: segment 4: paddr=000cffe0 vaddr=40080000 size=14ffch ( 86012) load[0m
[0;32mI (407) esp_image: segment 5: paddr=000e4fe4 vaddr=50000000 size=00028h (    40) load[0m
[0;32mI (417) boot: Loaded app from partition at offset 0x10000[0m
[0;32mI (418) boot: Disabling RNG early entropy source...[0m
[0;32mI (428) cpu_start: Multicore app[0m
[0;32mI (436) cpu_start: GPIO 3 and 1 are used as console UART I/O pins[0m
[0;32mI (437) cpu_start: Pro cpu start user code[0m
[0;32mI (437) cpu_start: cpu freq: 160000000 Hz[0m
[0;32mI (438) app_init: Application information:[0m
[0;32mI (442) app_init: Project name:     EMG+DSP+Telemetry[0m
[0;32mI (447) app_init: App version:      1[0m
[0;32mI (450) app_init: Compile time:     Jun  7 2026 22:13:59[0m
[0;32mI (455) app_init: ELF file SHA256:  a33be9064...[0m
[0;32mI (460) app_init: ESP-IDF:          v6.1-dev-2938-g12f36a021f-dirty[0m
[0;32mI (466) efuse_init: Min chip rev:     v0.0[0m
[0;32mI (470) efuse_init: Max chip rev:     v3.99 [0m
[0;32mI (474) efuse_init: Chip rev:         v3.1[0m
[0;32mI (478) heap_init: Initializing. RAM available for dynamic allocation:[0m
[0;32mI (484) heap_init: At 3FFAE6E0 len 00001920 (6 KiB): DRAM[0m
[0;32mI (489) heap_init: At 3FFB8EB8 len 00027148 (156 KiB): DRAM[0m
[0;32mI (494) heap_init: At 3FFE0440 len 00003AE0 (14 KiB): D/IRAM[0m
[0;32mI (499) heap_init: At 3FFE4350 len 0001BCB0 (111 KiB): D/IRAM[0m
[0;32mI (505) heap_init: At 40094FFC len 0000B004 (44 KiB): IRAM[0m
[0;33mW (511) spi_flash: Detected boya flash chip but using generic driver. For optimal functionality, enable `SPI_FLASH_SUPPORT_BOYA_CHIP` in menuconfig[0m
[0;32mI (523) spi_flash: detected chip: generic[0m
[0;32mI (527) spi_flash: flash io: dio[0m
[0;33mW (530) spi_flash: Detected size(4096k) larger than the size in the binary image header(2048k). Using the size in the binary image header.[0m
[0;32mI (544) main_task: Started on CPU0[0m
[0;32mI (554) main_task: Calling app_main()[0m
[0;33mW (554) wifi:wifi osi_nvs_open fail ret=4353[0m

[0;33mW (554) wifi_init: Failed to unregister Rx callbacks[0m
[1;31mE (554) wifi_init: Failed to deinit Wi-Fi driver (0x3001)[0m
[1;31mE (554) wifi_init: Failed to deinit Wi-Fi (0x3001)[0m
ESP_ERROR_CHECK failed: esp_err_t 0x1101 (ESP_ERR_NVS_NOT_INITIALIZED) at 0x400da6dc
file: "./main/network.c" line 32
func: wifi_connect_init
expression: esp_wifi_init(&wifi_init_config)

abort() was called at PC 0x4008988b on core 0


Backtrace: 0x40089931:0x3ffbaec0 0x400898f9:0x3ffbaee0 0x40089431:0x3ffbaf00 0x4008988b:0x3ffbaf70 0x400da6dc:0x3ffbafa0 0x400da7ef:0x3ffbb060 0x400da365:0x3ffbb170 0x400d52ae:0x3ffbb1a0 0x40168cfa:0x3ffbb1d0




ELF file SHA256: a33be9064

Rebooting...
ets Jul 29 2019 12:21:46

rst:0xc (SW_CPU_RESET),boot:0x13 (SPI_FAST_FLASH_BOOT)
configsip: 0, SPIWP:0xee
clk_drv:0x00,q_drv:0x00,d_drv:0x00,cs0_drv:0x00,hd_drv:0x00,wp_drv:0x00
mode:DIO, clock div:2
load:0x3fff0040,len:6272
load:0x40078000,len:15848
load:0x40080400,len:3920
entry 0x40080644
[0;32mI (27) boot: ESP-IDF v6.1-dev-2938-g12f36a021f-dirty 2nd stage bootloader[0m
[0;32mI (27) boot: compile time Jun  7 2026 22:17:10[0m
[0;32mI (27) boot: Multicore bootloader[0m
[0;32mI (31) boot: chip revision: v3.1[0m
[0;32mI (34) boot.esp32: SPI Speed      : 40MHz[0m
[0;32mI (37) boot.esp32: SPI Mode       : DIO[0m
[0;32mI (41) boot.esp32: SPI Flash Size : 2MB[0m
[0;32mI (45) boot: Enabling RNG early entropy source...[0m
[0;32mI (49) boot: Partition Table:[0m
[0;32mI (52) boot: ## Label            Usage          Type ST Offset   Length[0m
[0;32mI (58) boot:  0 nvs              WiFi data        01 02 00009000 00006000[0m
[0;32mI (64) boot:  1 phy_init         RF data          01 01 0000f000 00001000[0m
[0;32mI (71) boot:  2 factory          factory app      00 00 00010000 00100000[0m
[0;32mI (78) boot: End of partition table[0m
[0;32mI (81) esp_image: segment 0: paddr=00010020 vaddr=3f400020 size=1eed8h (126680) map[0m
[0;32mI (133) esp_image: segment 1: paddr=0002ef00 vaddr=3ffb0000 size=01118h (  4376) load[0m
[0;32mI (135) esp_image: segment 2: paddr=00030020 vaddr=400d0020 size=9cc60h (642144) map[0m
[0;32mI (366) esp_image: segment 3: paddr=000ccc88 vaddr=3ffb1118 size=03350h ( 13136) load[0m
[0;32mI (371) esp_image: segment 4: paddr=000cffe0 vaddr=40080000 size=14ffch ( 86012) load[0m
[0;32mI (407) esp_image: segment 5: paddr=000e4fe4 vaddr=50000000 size=00028h (    40) load[0m
[0;32mI (417) boot: Loaded app from partition at offset 0x10000[0m
[0;32mI (418) boot: Disabling RNG early entropy source...[0m
[0;32mI (428) cpu_start: Multicore app[0m
[0;32mI (436) cpu_start: GPIO 3 and 1 are used as console UART I/O pins[0m
[0;32mI (437) cpu_start: Pro cpu start user code[0m
[0;32mI (437) cpu_start: cpu freq: 160000000 Hz[0m
[0;32mI (438) app_init: Application information:[0m
[0;32mI (442) app_init: Project name:     EMG+DSP+Telemetry[0m
[0;32mI (447) app_init: App version:      1[0m
[0;32mI (450) app_init: Compile time:     Jun  7 2026 22:13:59[0m
[0;32mI (455) app_init: ELF file SHA256:  a33be9064...[0m
[0;32mI (460) app_init: ESP-IDF:          v6.1-dev-2938-g12f36a021f-dirty[0m
[0;32mI (466) efuse_init: Min chip rev:     v0.0[0m
[0;32mI (470) efuse_init: Max chip rev:     v3.99 [0m
[0;32mI (474) efuse_init: Chip rev:         v3.1[0m
[0;32mI (478) heap_init: Initializing. RAM available for dynamic allocation:[0m
[0;32mI (484) heap_init: At 3FFAE6E0 len 00001920 (6 KiB): DRAM[0m
[0;32mI (489) heap_init: At 3FFB8EB8 len 00027148 (156 KiB): DRAM[0m
[0;32mI (494) heap_init: At 3FFE0440 len 00003AE0 (14 KiB): D/IRAM[0m
[0;32mI (499) heap_init: At 3FFE4350 len 0001BCB0 (111 KiB): D/IRAM[0m
[0;32mI (505) heap_init: At 40094FFC len 0000B004 (44 KiB): IRAM[0m
[0;33mW (511) spi_flash: Detected boya flash chip but using generic driver. For optimal functionality, enable `SPI_FLASH_SUPPORT_BOYA_CHIP` in menuconfig[0m
[0;32mI (523) spi_flash: detected chip: generic[0m
[0;32mI (527) spi_flash: flash io: dio[0m
[0;33mW (530) spi_flash: Detected size(4096k) larger than the size in the binary image header(2048k). Using the size in the binary image header.[0m
[0;32mI (544) main_task: Started on CPU0[0m
[0;32mI (554) main_task: Calling app_main()[0m
[0;33mW (554) wifi:wifi osi_nvs_open fail ret=4353[0m

[0;33mW (554) wifi_init: Failed to unregister Rx callbacks[0m
[1;31mE (554) wifi_init: Failed to deinit Wi-Fi driver (0x3001)[0m
[1;31mE (554) wifi_init: Failed to deinit Wi-Fi (0x3001)[0m
ESP_ERROR_CHECK failed: esp_err_t 0x1101 (ESP_ERR_NVS_NOT_INITIALIZED) at 0x400da6dc
file: "./main/network.c" line 32
func: wifi_connect_init
expression: esp_wifi_init(&wifi_init_config)

abort() was called at PC 0x4008988b on core 0


Backtrace: 0x40089931:0x3ffbaec0 0x400898f9:0x3ffbaee0 0x40089431:0x3ffbaf00 0x4008988b:0x3ffbaf70 0x400da6dc:0x3ffbafa0 0x400da7ef:0x3ffbb060 0x400da365:0x3ffbb170 0x400d52ae:0x3ffbb1a0 0x40168cfa:0x3ffbb1d0




ELF file SHA256: a33be9064

Rebooting...
ets Jul 29 2019 12:21:46

rst:0xc (SW_CPU_RESET),boot:0x13 (SPI_FAST_FLASH_BOOT)
configsip: 0, SPIWP:0xee
clk_drv:0x00,q_drv:0x00,d_drv:0x00,cs0_drv:0x00,hd_drv:0x00,wp_drv:0x00
mode:DIO, clock div:2
load:0x3fff0040,len:6272
load:0x40078000,len:15848
load:0x40080400,len:3920
entry 0x40080644
[0;32mI (27) boot: ESP-IDF v6.1-dev-2938-g12f36a021f-dirty 2nd stage bootloader[0m
[0;32mI (27) boot: compile time Jun  7 2026 22:17:10[0m
[0;32mI (27) boot: Multicore bootloader[0m
[0;32mI (31) boot: chip revision: v3.1[0m
[0;32mI (34) boot.esp32: SPI Speed      : 40MHz[0m
[0;32mI (37) boot.esp32: SPI Mode       : DIO[0m
[0;32mI (41) boot.esp32: SPI Flash Size : 2MB[0m
[0;32mI (45) boot: Enabling RNG early entropy source...[0m
[0;32mI (49) boot: Partition Table:[0m
[0;32mI (52) boot: ## Label            Usage          Type ST Offset   Length[0m
[0;32mI (58) boot:  0 nvs              WiFi data        01 02 00009000 00006000[0m
[0;32mI (64) boot:  1 phy_init         RF data          01 01 0000f000 00001000[0m
[0;32mI (71) boot:  2 factory          factory app      00 00 00010000 00100000[0m
[0;32mI (78) boot: End of partition table[0m
[0;32mI (81) esp_image: segment 0: paddr=00010020 vaddr=3f400020 size=1eed8h (126680) map[0m
[0;32mI (133) esp_image: segment 1: paddr=0002ef00 vaddr=3ffb0000 size=01118h (  4376) load[0m
[0;32mI (135) esp_image: segment 2: paddr=00030020 vaddr=400d0020 size=9cc60h (642144) map[0m
[0;32mI (366) esp_image: segment 3: paddr=000ccc88 vaddr=3ffb1118 size=03350h ( 13136) load[0m
[0;32mI (371) esp_image: segment 4: paddr=000cffe0 vaddr=40080000 size=14ffch ( 86012) load[0m
[0;32mI (407) esp_image: segment 5: paddr=000e4fe4 vaddr=50000000 size=00028h (    40) load[0m
[0;32mI (417) boot: Loaded app from partition at offset 0x10000[0m
[0;32mI (418) boot: Disabling RNG early entropy source...[0m
[0;32mI (428) cpu_start: Multicore app[0m
[0;32mI (436) cpu_start: GPIO 3 and 1 are used as console UART I/O pins[0m
[0;32mI (437) cpu_start: Pro cpu start user code[0m
[0;32mI (437) cpu_start: cpu freq: 160000000 Hz[0m
[0;32mI (438) app_init: Application information:[0m
[0;32mI (442) app_init: Project name:     EMG+DSP+Telemetry[0m
[0;32mI (447) app_init: App version:      1[0m
[0;32mI (450) app_init: Compile time:     Jun  7 2026 22:13:59[0m
[0;32mI (455) app_init: ELF file SHA256:  a33be9064...[0m
[0;32mI (460) app_init: ESP-IDF:          v6.1-dev-2938-g12f36a021f-dirty[0m
[0;32mI (466) efuse_init: Min chip rev:     v0.0[0m
[0;32mI (470) efuse_init: Max chip rev:     v3.99 [0m
[0;32mI (474) efuse_init: Chip rev:         v3.1[0m
[0;32mI (478) heap_init: Initializing. RAM available for dynamic allocation:[0m
[0;32mI (484) heap_init: At 3FFAE6E0 len 00001920 (6 KiB): DRAM[0m
[0;32mI (489) heap_init: At 3FFB8EB8 len 00027148 (156 KiB): DRAM[0m
[0;32mI (494) heap_init: At 3FFE0440 len 00003AE0 (14 KiB): D/IRAM[0m
[0;32mI (499) heap_init: At 3FFE4350 len 0001BCB0 (111 KiB): D/IRAM[0m
[0;32mI (505) heap_init: At 40094FFC len 0000B004 (44 KiB): IRAM[0m
[0;33mW (511) spi_flash: Detected boya flash chip but using generic driver. For optimal functionality, enable `SPI_FLASH_SUPPORT_BOYA_CHIP` in menuconfig[0m
[0;32mI (523) spi_flash: detected chip: generic[0m
[0;32mI (527) spi_flash: flash io: dio[0m
[0;33mW (530) spi_flash: Detected size(4096k) larger than the size in the binary image header(2048k). Using the size in the binary image header.[0m
[0;32mI (544) main_task: Started on CPU0[0m
[0;32mI (554) main_task: Calling app_main()[0m
[0;33mW (554) wifi:wifi osi_nvs_open fail ret=4353[0m

[0;33mW (554) wifi_init: Failed to unregister Rx callbacks[0m
[1;31mE (554) wifi_init: Failed to deinit Wi-Fi driver (0x3001)[0m
[1;31mE (554) wifi_init: Failed to deinit Wi-Fi (0x3001)[0m
ESP_ERROR_CHECK failed: esp_err_t 0x1101 (ESP_ERR_NVS_NOT_INITIALIZED) at 0x400da6dc
file: "./main/network.c" line 32
func: wifi_connect_init
expression: esp_wifi_init(&wifi_init_config)

abort() was called at PC 0x4008988b on core 0


Backtrace: 0x40089931:0x3ffbaec0 0x400898f9:0x3ffbaee0 0x40089431:0x3ffbaf00 0x4008988b:0x3ffbaf70 0x400da6dc:0x3ffbafa0 0x400da7ef:0x3ffbb060 0x400da365:0x3ffbb170 0x400d52ae:0x3ffbb1a0 0x40168cfa:0x3ffbb1d0




ELF file SHA256: a33be9064

Rebooting...
ets Jul 29 2019 12:21:46

rst:0xc (SW_CPU_RESET),boot:0x13 (SPI_FAST_FLASH_BOOT)
configsip: 0, SPIWP:0xee
clk_drv:0x00,q_drv:0x00,d_drv:0x00,cs0_drv:0x00,hd_drv:0x00,wp_drv:0x00
mode:DIO, clock div:2
load:0x3fff0040,len:6272
load:0x40078000,len:15848
load:0x40080400,len:3920
entry 0x40080644
[0;32mI (27) boot: ESP-IDF v6.1-dev-2938-g12f36a021f-dirty 2nd stage bootloader[0m
[0;32mI (27) boot: compile time Jun  7 2026 22:17:10[0m
[0;32mI (27) boot: Multicore bootloader[0m
[0;32mI (31) boot: chip revision: v3.1[0m
[0;32mI (34) boot.esp32: SPI Speed      : 40MHz[0m
[0;32mI (37) boot.esp32: SPI Mode       : DIO[0m
[0;32mI (41) boot.esp32: SPI Flash Size : 2MB[0m
[0;32mI (45) boot: Enabling RNG early entropy source...[0m
[0;32mI (49) boot: Partition Table:[0m
[0;32mI (52) boot: ## Label            Usage          Type ST Offset   Length[0m
[0;32mI (58) boot:  0 nvs              WiFi data        01 02 00009000 00006000[0m
[0;32mI (64) boot:  1 phy_init         RF data          01 01 0000f000 00001000[0m
[0;32mI (71) boot:  2 factory          factory app      00 00 00010000 00100000[0m
[0;32mI (78) boot: End of partition table[0m
[0;32mI (81) esp_image: segment 0: paddr=00010020 vaddr=3f400020 size=1eed8h (126680) map[0m
[0;32mI (133) esp_image: segment 1: paddr=0002ef00 vaddr=3ffb0000 size=01118h (  4376) load[0m
[0;32mI (135) esp_image: segment 2: paddr=00030020 vaddr=400d0020 size=9cc60h (642144) map[0m
[0;32mI (366) esp_image: segment 3: paddr=000ccc88 vaddr=3ffb1118 size=03350h ( 13136) load[0m
[0;32mI (371) esp_image: segment 4: paddr=000cffe0 vaddr=40080000 size=14ffch ( 86012) load[0m
[0;32mI (407) esp_image: segment 5: paddr=000e4fe4 vaddr=50000000 size=00028h (    40) load[0m
[0;32mI (417) boot: Loaded app from partition at offset 0x10000[0m
[0;32mI (418) boot: Disabling RNG early entropy source...[0m
[0;32mI (428) cpu_start: Multicore app[0m
[0;32mI (436) cpu_start: GPIO 3 and 1 are used as console UART I/O pins[0m
[0;32mI (437) cpu_start: Pro cpu start user code[0m
[0;32mI (437) cpu_start: cpu freq: 160000000 Hz[0m
[0;32mI (438) app_init: Application information:[0m
[0;32mI (442) app_init: Project name:     EMG+DSP+Telemetry[0m
[0;32mI (447) app_init: App version:      1[0m
[0;32mI (450) app_init: Compile time:     Jun  7 2026 22:13:59[0m
[0;32mI (455) app_init: ELF file SHA256:  a33be9064...[0m
[0;32mI (460) app_init: ESP-IDF:          v6.1-dev-2938-g12f36a021f-dirty[0m
[0;32mI (466) efuse_init: Min chip rev:     v0.0[0m
[0;32mI (470) efuse_init: Max chip rev:     v3.99 [0m
[0;32mI (474) efuse_init: Chip rev:         v3.1[0m
[0;32mI (478) heap_init: Initializing. RAM available for dynamic allocation:[0m
[0;32mI (484) heap_init: At 3FFAE6E0 len 00001920 (6 KiB): DRAM[0m
[0;32mI (489) heap_init: At 3FFB8EB8 len 00027148 (156 KiB): DRAM[0m
[0;32mI (494) heap_init: At 3FFE0440 len 00003AE0 (14 KiB): D/IRAM[0m
[0;32mI (499) heap_init: At 3FFE4350 len 0001BCB0 (111 KiB): D/IRAM[0m
[0;32mI (505) heap_init: At 40094FFC len 0000B004 (44 KiB): IRAM[0m
[0;33mW (511) spi_flash: Detected boya flash chip but using generic driver. For optimal functionality, enable `SPI_FLASH_SUPPORT_BOYA_CHIP` in menuconfig[0m
[0;32mI (523) spi_flash: detected chip: generic[0m
[0;32mI (527) spi_flash: flash io: dio[0m
[0;33mW (530) spi_flash: Detected size(4096k) larger than the size in the binary image header(2048k). Using the size in the binary image header.[0m
[0;32mI (544) main_task: Started on CPU0[0m
[0;32mI (554) main_task: Calling app_main()[0m
[0;33mW (554) wifi:wifi osi_nvs_open fail ret=4353[0m

[0;33mW (554) wifi_init: Failed to unregister Rx callbacks[0m
[1;31mE (554) wifi_init: Failed to deinit Wi-Fi driver (0x3001)[0m
[1;31mE (554) wifi_init: Failed to deinit Wi-Fi (0x3001)[0m
ESP_ERROR_CHECK failed: esp_err_t 0x1101 (ESP_ERR_NVS_NOT_INITIALIZED) at 0x400da6dc
file: "./main/network.c" line 32
func: wifi_connect_init
expression: esp_wifi_init(&wifi_init_config)

abort() was called at PC 0x4008988b on core 0


Backtrace: 0x40089931:0x3ffbaec0 0x400898f9:0x3ffbaee0 0x40089431:0x3ffbaf00 0x4008988b:0x3ffbaf70 0x400da6dc:0x3ffbafa0 0x400da7ef:0x3ffbb060 0x400da365:0x3ffbb170 0x400d52ae:0x3ffbb1a0 0x40168cfa:0x3ffbb1d0




ELF file SHA256: a33be9064

Rebooting...
ets Jul 29 2019 12:21:46

rst:0xc (SW_CPU_RESET),boot:0x13 (SPI_FAST_FLASH_BOOT)
configsip: 0, SPIWP:0xee
clk_drv:0x00,q_drv:0x00,d_drv:0x00,cs0_drv:0x00,hd_drv:0x00,wp_drv:0x00
mode:DIO, clock div:2
load:0x3fff0040,len:6272
load:0x40078000,len:15848
load:0x40080400,len:3920
entry 0x40080644
[0;32mI (27) boot: ESP-IDF v6.1-dev-2938-g12f36a021f-dirty 2nd stage bootloader[0m
[0;32mI (27) boot: compile time Jun  7 2026 22:17:10[0m
[0;32mI (27) boot: Multicore bootloader[0m
[0;32mI (31) boot: chip revision: v3.1[0m
[0;32mI (34) boot.esp32: SPI Speed      : 40MHz[0m
[0;32mI (37) boot.esp32: SPI Mode       : DIO[0m
[0;32mI (41) boot.esp32: SPI Flash Size : 2MB[0m
[0;32mI (45) boot: Enabling RNG early entropy source...[0m
[0;32mI (49) boot: Partition Table:[0m
[0;32mI (52) boot: ## Label            Usage          Type ST Offset   Length[0m
[0;32mI (58) boot:  0 nvs              WiFi data        01 02 00009000 00006000[0m
[0;32mI (64) boot:  1 phy_init         RF data          01 01 0000f000 00001000[0m
[0;32mI (71) boot:  2 factory          factory app      00 00 00010000 00100000[0m
[0;32mI (78) boot: End of partition table[0m
[0;32mI (81) esp_image: segment 0: paddr=00010020 vaddr=3f400020 size=1eed8h (126680) map[0m
[0;32mI (133) esp_image: segment 1: paddr=0002ef00 vaddr=3ffb0000 size=01118h (  4376) load[0m
[0;32mI (135) esp_image: segment 2: paddr=00030020 vaddr=400d0020 size=9cc60h (642144) map[0m
[0;32mI (366) esp_image: segment 3: paddr=000ccc88 vaddr=3ffb1118 size=03350h ( 13136) load[0m
[0;32mI (371) esp_image: segment 4: paddr=000cffe0 vaddr=40080000 size=14ffch ( 86012) load[0m
[0;32mI (407) esp_image: segment 5: paddr=000e4fe4 vaddr=50000000 size=00028h (    40) load[0m
[0;32mI (417) boot: Loaded app from partition at offset 0x10000[0m
[0;32mI (418) boot: Disabling RNG early entropy source...[0m
[0;32mI (428) cpu_start: Multicore app[0m
[0;32mI (436) cpu_start: GPIO 3 and 1 are used as console UART I/O pins[0m
[0;32mI (437) cpu_start: Pro cpu start user code[0m
[0;32mI (437) cpu_start: cpu freq: 160000000 Hz[0m
[0;32mI (438) app_init: Application information:[0m
[0;32mI (442) app_init: Project name:     EMG+DSP+Telemetry[0m
[0;32mI (447) app_init: App version:      1[0m
[0;32mI (450) app_init: Compile time:     Jun  7 2026 22:13:59[0m
[0;32mI (455) app_init: ELF file SHA256:  a33be9064...[0m
[0;32mI (460) app_init: ESP-IDF:          v6.1-dev-2938-g12f36a021f-dirty[0m
[0;32mI (466) efuse_init: Min chip rev:     v0.0[0m
[0;32mI (470) efuse_init: Max chip rev:     v3.99 [0m
[0;32mI (474) efuse_init: Chip rev:         v3.1[0m
[0;32mI (478) heap_init: Initializing. RAM available for dynamic allocation:[0m
[0;32mI (484) heap_init: At 3FFAE6E0 len 00001920 (6 KiB): DRAM[0m
[0;32mI (489) heap_init: At 3FFB8EB8 len 00027148 (156 KiB): DRAM[0m
[0;32mI (494) heap_init: At 3FFE0440 len 00003AE0 (14 KiB): D/IRAM[0m
[0;32mI (499) heap_init: At 3FFE4350 len 0001BCB0 (111 KiB): D/IRAM[0m
[0;32mI (505) heap_init: At 40094FFC len 0000B004 (44 KiB): IRAM[0m
[0;33mW (511) spi_flash: Detected boya flash chip but using generic driver. For optimal functionality, enable `SPI_FLASH_SUPPORT_BOYA_CHIP` in menuconfig[0m
[0;32mI (523) spi_flash: detected chip: generic[0m
[0;32mI (527) spi_flash: flash io: dio[0m
[0;33mW (530) spi_flash: Detected size(4096k) larger than the size in the binary image header(2048k). Using the size in the binary image header.[0m
[0;32mI (544) main_task: Started on CPU0[0m
[0;32mI (554) main_task: Calling app_main()[0m
[0;33mW (554) wifi:wifi osi_nvs_open fail ret=4353[0m

[0;33mW (554) wifi_init: Failed to unregister Rx callbacks[0m
[1;31mE (554) wifi_init: Failed to deinit Wi-Fi driver (0x3001)[0m
[1;31mE (554) wifi_init: Failed to deinit Wi-Fi (0x3001)[0m
ESP_ERROR_CHECK failed: esp_err_t 0x1101 (ESP_ERR_NVS_NOT_INITIALIZED) at 0x400da6dc
file: "./main/network.c" line 32
func: wifi_connect_init
expression: esp_wifi_init(&wifi_init_config)

abort() was called at PC 0x4008988b on core 0


Backtrace: 0x40089931:0x3ffbaec0 0x400898f9:0x3ffbaee0 0x40089431:0x3ffbaf00 0x4008988b:0x3ffbaf70 0x400da6dc:0x3ffbafa0 0x400da7ef:0x3ffbb060 0x400da365:0x3ffbb170 0x400d52ae:0x3ffbb1a0 0x40168cfa:0x3ffbb1d0




ELF file SHA256: a33be9064

Rebooting...
ets Jul 29 2019 12:21:46

rst:0xc (SW_CPU_RESET),boot:0x13 (SPI_FAST_FLASH_BOOT)
configsip: 0, SPIWP:0xee
clk_drv:0x00,q_drv:0x00,d_drv:0x00,cs0_drv:0x00,hd_drv:0x00,wp_drv:0x00
mode:DIO, clock div:2
load:0x3fff0040,len:6272
load:0x40078000,len:15848
load:0x40080400,len:3920
entry 0x40080644
[0;32mI (27) boot: ESP-IDF v6.1-dev-2938-g12f36a021f-dirty 2nd stage bootloader[0m
[0;32mI (27) boot: compile time Jun  7 2026 22:17:10[0m
[0;32mI (27) boot: Multicore bootloader[0m
[0;32mI (31) boot: chip revision: v3.1[0m
[0;32mI (34) boot.esp32: SPI Speed      : 40MHz[0m
[0;32mI (37) boot.esp32: SPI Mode       : DIO[0m
[0;32mI (41) boot.esp32: SPI Flash Size : 2MB[0m
[0;32mI (45) boot: Enabling RNG early entropy source...[0m
[0;32mI (49) boot: Partition Table:[0m
[0;32mI (52) boot: ## Label            Usage          Type ST Offset   Length[0m
[0;32mI (58) boot:  0 nvs              WiFi data        01 02 00009000 00006000[0m
[0;32mI (64) boot:  1 phy_init         RF data          01 01 0000f000 00001000[0m
[0;32mI (71) boot:  2 factory          factory app      00 00 00010000 00100000[0m
[0;32mI (78) boot: End of partition table[0m
[0;32mI (81) esp_image: segment 0: paddr=00010020 vaddr=3f400020 size=1eed8h (126680) map[0m
[0;32mI (133) esp_image: segment 1: paddr=0002ef00 vaddr=3ffb0000 size=01118h (  4376) load[0m
[0;32mI (135) esp_image: segment 2: paddr=00030020 vaddr=400d0020 size=9cc60h (642144) map[0m
[0;32mI (366) esp_image: segment 3: paddr=000ccc88 vaddr=3ffb1118 size=03350h ( 13136) load[0m
[0;32mI (371) esp_image: segment 4: paddr=000cffe0 vaddr=40080000 size=14ffch ( 86012) load[0m
[0;32mI (407) esp_image: segment 5: paddr=000e4fe4 vaddr=50000000 size=00028h (    40) load[0m
[0;32mI (417) boot: Loaded app from partition at offset 0x10000[0m
[0;32mI (418) boot: Disabling RNG early entropy source...[0m
[0;32mI (428) cpu_start: Multicore app[0m
[0;32mI (436) cpu_start: GPIO 3 and 1 are used as console UART I/O pins[0m
[0;32mI (437) cpu_start: Pro cpu start user code[0m
[0;32mI (437) cpu_start: cpu freq: 160000000 Hz[0m
[0;32mI (438) app_init: Application information:[0m
[0;32mI (442) app_init: Project name:     EMG+DSP+Telemetry[0m
[0;32mI (447) app_init: App version:      1[0m
[0;32mI (450) app_init: Compile time:     Jun  7 2026 22:13:59[0m
[0;32mI (455) app_init: ELF file SHA256:  a33be9064...[0m
[0;32mI (460) app_init: ESP-IDF:          v6.1-dev-2938-g12f36a021f-dirty[0m
[0;32mI (466) efuse_init: Min chip rev:     v0.0[0m
[0;32mI (470) efuse_init: Max chip rev:     v3.99 [0m
[0;32mI (474) efuse_init: Chip rev:         v3.1[0m
[0;32mI (478) heap_init: Initializing. RAM available for dynamic allocation:[0m
[0;32mI (484) heap_init: At 3FFAE6E0 len 00001920 (6 KiB): DRAM[0m
[0;32mI (489) heap_init: At 3FFB8EB8 len 00027148 (156 KiB): DRAM[0m
[0;32mI (494) heap_init: At 3FFE0440 len 00003AE0 (14 KiB): D/IRAM[0m
[0;32mI (499) heap_init: At 3FFE4350 len 0001BCB0 (111 KiB): D/IRAM[0m
[0;32mI (505) heap_init: At 40094FFC len 0000B004 (44 KiB): IRAM[0m
[0;33mW (511) spi_flash: Detected boya flash chip but using generic driver. For optimal functionality, enable `SPI_FLASH_SUPPORT_BOYA_CHIP` in menuconfig[0m
[0;32mI (523) spi_flash: detected chip: generic[0m
[0;32mI (527) spi_flash: flash io: dio[0m
[0;33mW (530) spi_flash: Detected size(4096k) larger than the size in the binary image header(2048k). Using the size in the binary image header.[0m
[0;32mI (544) main_task: Started on CPU0[0m
[0;32mI (554) main_task: Calling app_main()[0m
[0;33mW (554) wifi:wifi osi_nvs_open fail ret=4353[0m

[0;33mW (554) wifi_init: Failed to unregister Rx callbacks[0m
[1;31mE (554) wifi_init: Failed to deinit Wi-Fi driver (0x3001)[0m
[1;31mE (554) wifi_init: Failed to deinit Wi-Fi (0x3001)[0m
ESP_ERROR_CHECK failed: esp_err_t 0x1101 (ESP_ERR_NVS_NOT_INITIALIZED) at 0x400da6dc
file: "./main/network.c" line 32
func: wifi_connect_init
expression: esp_wifi_init(&wifi_init_config)

abort() was called at PC 0x4008988b on core 0


Backtrace: 0x40089931:0x3ffbaec0 0x400898f9:0x3ffbaee0 0x40089431:0x3ffbaf00 0x4008988b:0x3ffbaf70 0x400da6dc:0x3ffbafa0 0x400da7ef:0x3ffbb060 0x400da365:0x3ffbb170 0x400d52ae:0x3ffbb1a0 0x40168cfa:0x3ffbb1d0




ELF file SHA256: a33be9064

Rebooting...
ets Jul 29 2019 12:21:46

rst:0xc (SW_CPU_RESET),boot:0x13 (SPI_FAST_FLASH_BOOT)
configsip: 0, SPIWP:0xee
clk_drv:0x00,q_drv:0x00,d_drv:0x00,cs0_drv:0x00,hd_drv:0x00,wp_drv:0x00
mode:DIO, clock div:2
load:0x3fff0040,len:6272
load:0x40078000,len:15848
load:0x40080400,len:3920
entry 0x40080644
[0;32mI (27) boot: ESP-IDF v6.1-dev-2938-g12f36a021f-dirty 2nd stage bootloader[0m
[0;32mI (27) boot: compile time Jun  7 2026 22:17:10[0m
[0;32mI (27) boot: Multicore bootloader[0m
[0;32mI (31) boot: chip revision: v3.1[0m
[0;32mI (34) boot.esp32: SPI Speed      : 40MHz[0m
[0;32mI (37) boot.esp32: SPI Mode       : DIO[0m
[0;32mI (41) boot.esp32: SPI Flash Size : 2MB[0m
[0;32mI (45) boot: Enabling RNG early entropy source...[0m
[0;32mI (49) boot: Partition Table:[0m
[0;32mI (52) boot: ## Label            Usage          Type ST Offset   Length[0m
[0;32mI (58) boot:  0 nvs              WiFi data        01 02 00009000 00006000[0m
[0;32mI (64) boot:  1 phy_init         RF data          01 01 0000f000 00001000[0m
[0;32mI (71) boot:  2 factory          factory app      00 00 00010000 00100000[0m
[0;32mI (78) boot: End of partition table[0m
[0;32mI (81) esp_image: segment 0: paddr=00010020 vaddr=3f400020 size=1eed8h (126680) map[0m
[0;32mI (133) esp_image: segment 1: paddr=0002ef00 vaddr=3ffb0000 size=01118h (  4376) load[0m
[0;32mI (135) esp_image: segment 2: paddr=00030020 vaddr=400d0020 size=9cc60h (642144) map[0m
[0;32mI (366) esp_image: segment 3: paddr=000ccc88 vaddr=3ffb1118 size=03350h ( 13136) load[0m
[0;32mI (371) esp_image: segment 4: paddr=000cffe0 vaddr=40080000 size=14ffch ( 86012) load[0m
[0;32mI (407) esp_image: segment 5: paddr=000e4fe4 vaddr=50000000 size=00028h (    40) load[0m
[0;32mI (417) boot: Loaded app from partition at offset 0x10000[0m
[0;32mI (418) boot: Disabling RNG early entropy source...[0m
[0;32mI (428) cpu_start: Multicore app[0m
[0;32mI (436) cpu_start: GPIO 3 and 1 are used as console UART I/O pins[0m
[0;32mI (437) cpu_start: Pro cpu start user code[0m
[0;32mI (437) cpu_start: cpu freq: 160000000 Hz[0m
[0;32mI (438) app_init: Application information:[0m
[0;32mI (442) app_init: Project name:     EMG+DSP+Telemetry[0m
[0;32mI (447) app_init: App version:      1[0m
[0;32mI (450) app_init: Compile time:     Jun  7 2026 22:13:59[0m
[0;32mI (455) app_init: ELF file SHA256:  a33be9064...[0m
[0;32mI (460) app_init: ESP-IDF:          v6.1-dev-2938-g12f36a021f-dirty[0m
[0;32mI (466) efuse_init: Min chip rev:     v0.0[0m
[0;32mI (470) efuse_init: Max chip rev:     v3.99 [0m
[0;32mI (474) efuse_init: Chip rev:         v3.1[0m
[0;32mI (478) heap_init: Initializing. RAM available for dynamic allocation:[0m
[0;32mI (484) heap_init: At 3FFAE6E0 len 00001920 (6 KiB): DRAM[0m
[0;32mI (489) heap_init: At 3FFB8EB8 len 00027148 (156 KiB): DRAM[0m
[0;32mI (494) heap_init: At 3FFE0440 len 00003AE0 (14 KiB): D/IRAM[0m
[0;32mI (499) heap_init: At 3FFE4350 len 0001BCB0 (111 KiB): D/IRAM[0m
[0;32mI (505) heap_init: At 40094FFC len 0000B004 (44 KiB): IRAM[0m
[0;33mW (511) spi_flash: Detected boya flash chip but using generic driver. For optimal functionality, enable `SPI_FLASH_SUPPORT_BOYA_CHIP` in menuconfig[0m
[0;32mI (523) spi_flash: detected chip: generic[0m
[0;32mI (527) spi_flash: flash io: dio[0m
[0;33mW (530) spi_flash: Detected size(4096k) larger than the size in the binary image header(2048k). Using the size in the binary image header.[0m
[0;32mI (544) main_task: Started on CPU0[0m
[0;32mI (554) main_task: Calling app_main()[0m
[0;33mW (554) wifi:wifi osi_nvs_open fail ret=4353[0m

[0;33mW (554) wifi_init: Failed to unregister Rx callbacks[0m
[1;31mE (554) wifi_init: Failed to deinit Wi-Fi driver (0x3001)[0m
[1;31mE (554) wifi_init: Failed to deinit Wi-Fi (0x3001)[0m
ESP_ERROR_CHECK failed: esp_err_t 0x1101 (ESP_ERR_NVS_NOT_INITIALIZED) at 0x400da6dc
file: "./main/network.c" line 32
func: wifi_connect_init
expression: esp_wifi_init(&wifi_init_config)

abort() was called at PC 0x4008988b on core 0


Backtrace: 0x40089931:0x3ffbaec0 0x400898f9:0x3ffbaee0 0x40089431:0x3ffbaf00 0x4008988b:0x3ffbaf70 0x400da6dc:0x3ffbafa0 0x400da7ef:0x3ffbb060 0x400da365:0x3ffbb170 0x400d52ae:0x3ffbb1a0 0x40168cfa:0x3ffbb1d0




ELF file SHA256: a33be9064

Rebooting...
ets Jul 29 2019 12:21:46

rst:0xc (SW_CPU_RESET),boot:0x13 (SPI_FAST_FLASH_BOOT)
configsip: 0, SPIWP:0xee
clk_drv:0x00,q_drv:0x00,d_drv:0x00,cs0_drv:0x00,hd_drv:0x00,wp_drv:0x00
mode:DIO, clock div:2
load:0x3fff0040,len:6272
load:0x40078000,len:15848
load:0x40080400,len:3920
entry 0x40080644
[0;32mI (27) boot: ESP-IDF v6.1-dev-2938-g12f36a021f-dirty 2nd stage bootloader[0m
[0;32mI (27) boot: compile time Jun  7 2026 22:17:10[0m
[0;32mI (27) boot: Multicore bootloader[0m
[0;32mI (31) boot: chip revision: v3.1[0m
[0;32mI (34) boot.esp32: SPI Speed      : 40MHz[0m
[0;32mI (37) boot.esp32: SPI Mode       : DIO[0m
[0;32mI (41) boot.esp32: SPI Flash Size : 2MB[0m
[0;32mI (45) boot: Enabling RNG early entropy source...[0m
[0;32mI (49) boot: Partition Table:[0m
[0;32mI (52) boot: ## Label            Usage          Type ST Offset   Length[0m
[0;32mI (58) boot:  0 nvs              WiFi data        01 02 00009000 00006000[0m
[0;32mI (64) boot:  1 phy_init         RF data          01 01 0000f000 00001000[0m
[0;32mI (71) boot:  2 factory          factory app      00 00 00010000 00100000[0m
[0;32mI (78) boot: End of partition table[0m
[0;32mI (81) esp_image: segment 0: paddr=00010020 vaddr=3f400020 size=1eed8h (126680) map[0m
[0;32mI (133) esp_image: segment 1: paddr=0002ef00 vaddr=3ffb0000 size=01118h (  4376) load[0m
[0;32mI (135) esp_image: segment 2: paddr=00030020 vaddr=400d0020 size=9cc60h (642144) map[0m
[0;32mI (366) esp_image: segment 3: paddr=000ccc88 vaddr=3ffb1118 size=03350h ( 13136) load[0m
[0;32mI (371) esp_image: segment 4: paddr=000cffe0 vaddr=40080000 size=14ffch ( 86012) load[0m
[0;32mI (407) esp_image: segment 5: paddr=000e4fe4 vaddr=50000000 size=00028h (    40) load[0m
[0;32mI (417) boot: Loaded app from partition at offset 0x10000[0m
[0;32mI (418) boot: Disabling RNG early entropy source...[0m
[0;32mI (428) cpu_start: Multicore app[0m
[0;32mI (436) cpu_start: GPIO 3 and 1 are used as console UART I/O pins[0m
[0;32mI (437) cpu_start: Pro cpu start user code[0m
[0;32mI (437) cpu_start: cpu freq: 160000000 Hz[0m
[0;32mI (438) app_init: Application information:[0m
[0;32mI (442) app_init: Project name:     EMG+DSP+Telemetry[0m
[0;32mI (447) app_init: App version:      1[0m
[0;32mI (450) app_init: Compile time:     Jun  7 2026 22:13:59[0m
[0;32mI (455) app_init: ELF file SHA256:  a33be9064...[0m
[0;32mI (460) app_init: ESP-IDF:          v6.1-dev-2938-g12f36a021f-dirty[0m
[0;32mI (466) efuse_init: Min chip rev:     v0.0[0m
[0;32mI (470) efuse_init: Max chip rev:     v3.99 [0m
[0;32mI (474) efuse_init: Chip rev:         v3.1[0m
[0;32mI (478) heap_init: Initializing. RAM available for dynamic allocation:[0m
[0;32mI (484) heap_init: At 3FFAE6E0 len 00001920 (6 KiB): DRAM[0m
[0;32mI (489) heap_init: At 3FFB8EB8 len 00027148 (156 KiB): DRAM[0m
[0;32mI (494) heap_init: At 3FFE0440 len 00003AE0 (14 KiB): D/IRAM[0m
[0;32mI (499) heap_init: At 3FFE4350 len 0001BCB0 (111 KiB): D/IRAM[0m
[0;32mI (505) heap_init: At 40094FFC len 0000B004 (44 KiB): IRAM[0m
[0;33mW (511) spi_flash: Detected boya flash chip but using generic driver. For optimal functionality, enable `SPI_FLASH_SUPPORT_BOYA_CHIP` in menuconfig[0m
[0;32mI (523) spi_flash: detected chip: generic[0m
[0;32mI (527) spi_flash: flash io: dio[0m
[0;33mW (530) spi_flash: Detected size(4096k) larger than the size in the binary image header(2048k). Using the size in the binary image header.[0m
[0;32mI (544) main_task: Started on CPU0[0m
[0;32mI (554) main_task: Calling app_main()[0m
[0;33mW (554) wifi:wifi osi_nvs_open fail ret=4353[0m

[0;33mW (554) wifi_init: Failed to unregister Rx callbacks[0m
[1;31mE (554) wifi_init: Failed to deinit Wi-Fi driver (0x3001)[0m
[1;31mE (554) wifi_init: Failed to deinit Wi-Fi (0x3001)[0m
ESP_ERROR_CHECK failed: esp_err_t 0x1101 (ESP_ERR_NVS_NOT_INITIALIZED) at 0x400da6dc
file: "./main/network.c" line 32
func: wifi_connect_init
expression: esp_wifi_init(&wifi_init_config)

abort() was called at PC 0x4008988b on core 0


Backtrace: 0x40089931:0x3ffbaec0 0x400898f9:0x3ffbaee0 0x40089431:0x3ffbaf00 0x4008988b:0x3ffbaf70 0x400da6dc:0x3ffbafa0 0x400da7ef:0x3ffbb060 0x400da365:0x3ffbb170 0x400d52ae:0x3ffbb1a0 0x40168cfa:0x3ffbb1d0




ELF file SHA256: a33be9064

Rebooting...
ets Jul 29 2019 12:21:46

rst:0xc (SW_CPU_RESET),boot:0x13 (SPI_FAST_FLASH_BOOT)
configsip: 0, SPIWP:0xee
clk_drv:0x00,q_drv:0x00,d_drv:0x00,cs0_drv:0x00,hd_drv:0x00,wp_drv:0x00
mode:DIO, clock div:2
load:0x3fff0040,len:6272
load:0x40078000,len:15848
load:0x40080400,len:3920
entry 0x40080644
[0;32mI (27) boot: ESP-IDF v6.1-dev-2938-g12f36a021f-dirty 2nd stage bootloader[0m
[0;32mI (27) boot: compile time Jun  7 2026 22:17:10[0m
[0;32mI (27) boot: Multicore bootloader[0m
[0;32mI (31) boot: chip revision: v3.1[0m
[0;32mI (34) boot.esp32: SPI Speed      : 40MHz[0m
[0;32mI (37) boot.esp32: SPI Mode       : DIO[0m
[0;32mI (41) boot.esp32: SPI Flash Size : 2MB[0m
[0;32mI (45) boot: Enabling RNG early entropy source...[0m
[0;32mI (49) boot: Partition Table:[0m
[0;32mI (52) boot: ## Label            Usage          Type ST Offset   Length[0m
[0;32mI (58) boot:  0 nvs              WiFi data        01 02 00009000 00006000[0m
[0;32mI (64) boot:  1 phy_init         RF data          01 01 0000f000 00001000[0m
[0;32mI (71) boot:  2 factory          factory app      00 00 00010000 00100000[0m
[0;32mI (78) boot: End of partition table[0m
[0;32mI (81) esp_image: segment 0: paddr=00010020 vaddr=3f400020 size=1eed8h (126680) map[0m
[0;32mI (133) esp_image: segment 1: paddr=0002ef00 vaddr=3ffb0000 size=01118h (  4376) load[0m
[0;32mI (135) esp_image: segment 2: paddr=00030020 vaddr=400d0020 size=9cc60h (642144) map[0m
[0;32mI (366) esp_image: segment 3: paddr=000ccc88 vaddr=3ffb1118 size=03350h ( 13136) load[0m
[0;32mI (371) esp_image: segment 4: paddr=000cffe0 vaddr=40080000 size=14ffch ( 86012) load[0m
[0;32mI (407) esp_image: segment 5: paddr=000e4fe4 vaddr=50000000 size=00028h (    40) load[0m
[0;32mI (417) boot: Loaded app from partition at offset 0x10000[0m
[0;32mI (418) boot: Disabling RNG early entropy source...[0m
[0;32mI (428) cpu_start: Multicore app[0m
[0;32mI (436) cpu_start: GPIO 3 and 1 are used as console UART I/O pins[0m
[0;32mI (437) cpu_start: Pro cpu start user code[0m
[0;32mI (437) cpu_start: cpu freq: 160000000 Hz[0m
[0;32mI (438) app_init: Application information:[0m
[0;32mI (442) app_init: Project name:     EMG+DSP+Telemetry[0m
[0;32mI (447) app_init: App version:      1[0m
[0;32mI (450) app_init: Compile time:     Jun  7 2026 22:13:59[0m
[0;32mI (455) app_init: ELF file SHA256:  a33be9064...[0m
[0;32mI (460) app_init: ESP-IDF:          v6.1-dev-2938-g12f36a021f-dirty[0m
[0;32mI (466) efuse_init: Min chip rev:     v0.0[0m
[0;32mI (470) efuse_init: Max chip rev:     v3.99 [0m
[0;32mI (474) efuse_init: Chip rev:         v3.1[0m
[0;32mI (478) heap_init: Initializing. RAM available for dynamic allocation:[0m
[0;32mI (484) heap_init: At 3FFAE6E0 len 00001920 (6 KiB): DRAM[0m
[0;32mI (489) heap_init: At 3FFB8EB8 len 00027148 (156 KiB): DRAM[0m
[0;32mI (494) heap_init: At 3FFE0440 len 00003AE0 (14 KiB): D/IRAM[0m
[0;32mI (499) heap_init: At 3FFE4350 len 0001BCB0 (111 KiB): D/IRAM[0m
[0;32mI (505) heap_init: At 40094FFC len 0000B004 (44 KiB): IRAM[0m
[0;33mW (511) spi_flash: Detected boya flash chip but using generic driver. For optimal functionality, enable `SPI_FLASH_SUPPORT_BOYA_CHIP` in menuconfig[0m
[0;32mI (523) spi_flash: detected chip: generic[0m
[0;32mI (527) spi_flash: flash io: dio[0m
[0;33mW (530) spi_flash: Detected size(4096k) larger than the size in the binary image header(2048k). Using the size in the binary image header.[0m
[0;32mI (544) main_task: Started on CPU0[0m
[0;32mI (554) main_task: Calling app_main()[0m
[0;33mW (554) wifi:wifi osi_nvs_open fail ret=4353[0m

[0;33mW (554) wifi_init: Failed to unregister Rx callbacks[0m
[1;31mE (554) wifi_init: Failed to deinit Wi-Fi driver (0x3001)[0m
[1;31mE (554) wifi_init: Failed to deinit Wi-Fi (0x3001)[0m
ESP_ERROR_CHECK failed: esp_err_t 0x1101 (ESP_ERR_NVS_NOT_INITIALIZED) at 0x400da6dc
file: "./main/network.c" line 32
func: wifi_connect_init
expression: esp_wifi_init(&wifi_init_config)

abort() was called at PC 0x4008988b on core 0


Backtrace: 0x40089931:0x3ffbaec0 0x400898f9:0x3ffbaee0 0x40089431:0x3ffbaf00 0x4008988b:0x3ffbaf70 0x400da6dc:0x3ffbafa0 0x400da7ef:0x3ffbb060 0x400da365:0x3ffbb170 0x400d52ae:0x3ffbb1a0 0x40168cfa:0x3ffbb1d0




ELF file SHA256: a33be9064

Rebooting...
ets Jul 29 2019 12:21:46

rst:0xc (SW_CPU_RESET),boot:0x13 (SPI_FAST_FLASH_BOOT)
configsip: 0, SPIWP:0xee
clk_drv:0x00,q_drv:0x00,d_drv:0x00,cs0_drv:0x00,hd_drv:0x00,wp_drv:0x00
mode:DIO, clock div:2
load:0x3fff0040,len:6272
load:0x40078000,len:15848
load:0x40080400,len:3920
entry 0x40080644
[0;32mI (27) boot: ESP-IDF v6.1-dev-2938-g12f36a021f-dirty 2nd stage bootloader[0m
[0;32mI (27) boot: compile time Jun  7 2026 22:17:10[0m
[0;32mI (27) boot: Multicore bootloader[0m
[0;32mI (31) boot: chip revision: v3.1[0m
[0;32mI (34) boot.esp32: SPI Speed      : 40MHz[0m
[0;32mI (37) boot.esp32: SPI Mode       : DIO[0m
[0;32mI (41) boot.esp32: SPI Flash Size : 2MB[0m
[0;32mI (45) boot: Enabling RNG early entropy source...[0m
[0;32mI (49) boot: Partition Table:[0m
[0;32mI (52) boot: ## Label            Usage          Type ST Offset   Length[0m
[0;32mI (58) boot:  0 nvs              WiFi data        01 02 00009000 00006000[0m
[0;32mI (64) boot:  1 phy_init         RF data          01 01 0000f000 00001000[0m
[0;32mI (71) boot:  2 factory          factory app      00 00 00010000 00100000[0m
[0;32mI (78) boot: End of partition table[0m
[0;32mI (81) esp_image: segment 0: paddr=00010020 vaddr=3f400020 size=1eed8h (126680) map[0m
[0;32mI (133) esp_image: segment 1: paddr=0002ef00 vaddr=3ffb0000 size=01118h (  4376) load[0m
[0;32mI (135) esp_image: segment 2: paddr=00030020 vaddr=400d0020 size=9cc60h (642144) map[0m
[0;32mI (366) esp_image: segment 3: paddr=000ccc88 vaddr=3ffb1118 size=03350h ( 13136) load[0m
[0;32mI (371) esp_image: segment 4: paddr=000cffe0 vaddr=40080000 size=14ffch ( 86012) load[0m
[0;32mI (407) esp_image: segment 5: paddr=000e4fe4 vaddr=50000000 size=00028h (    40) load[0m
[0;32mI (417) boot: Loaded app from partition at offset 0x10000[0m
[0;32mI (418) boot: Disabling RNG early entropy source...[0m
[0;32mI (428) cpu_start: Multicore app[0m
[0;32mI (436) cpu_start: GPIO 3 and 1 are used as console UART I/O pins[0m
[0;32mI (437) cpu_start: Pro cpu start user code[0m
[0;32mI (437) cpu_start: cpu freq: 160000000 Hz[0m
[0;32mI (438) app_init: Application information:[0m
[0;32mI (442) app_init: Project name:     EMG+DSP+Telemetry[0m
[0;32mI (447) app_init: App version:      1[0m
[0;32mI (450) app_init: Compile time:     Jun  7 2026 22:13:59[0m
[0;32mI (455) app_init: ELF file SHA256:  a33be9064...[0m
[0;32mI (460) app_init: ESP-IDF:          v6.1-dev-2938-g12f36a021f-dirty[0m
[0;32mI (466) efuse_init: Min chip rev:     v0.0[0m
[0;32mI (470) efuse_init: Max chip rev:     v3.99 [0m
[0;32mI (474) efuse_init: Chip rev:         v3.1[0m
[0;32mI (478) heap_init: Initializing. RAM available for dynamic allocation:[0m
[0;32mI (484) heap_init: At 3FFAE6E0 len 00001920 (6 KiB): DRAM[0m
[0;32mI (489) heap_init: At 3FFB8EB8 len 00027148 (156 KiB): DRAM[0m
[0;32mI (494) heap_init: At 3FFE0440 len 00003AE0 (14 KiB): D/IRAM[0m
[0;32mI (499) heap_init: At 3FFE4350 len 0001BCB0 (111 KiB): D/IRAM[0m
[0;32mI (505) heap_init: At 40094FFC len 0000B004 (44 KiB): IRAM[0m
[0;33mW (511) spi_flash: Detected boya flash chip but using generic driver. For optimal functionality, enable `SPI_FLASH_SUPPORT_BOYA_CHIP` in menuconfig[0m
[0;32mI (523) spi_flash: detected chip: generic[0m
[0;32mI (527) spi_flash: flash io: dio[0m
[0;33mW (530) spi_flash: Detected size(4096k) larger than the size in the binary image header(2048k). Using the size in the binary image header.[0m
[0;32mI (544) main_task: Started on CPU0[0m
[0;32mI (554) main_task: Calling app_main()[0m
[0;33mW (554) wifi:wifi osi_nvs_open fail ret=4353[0m

[0;33mW (554) wifi_init: Failed to unregister Rx callbacks[0m
[1;31mE (554) wifi_init: Failed to deinit Wi-Fi driver (0x3001)[0m
[1;31mE (554) wifi_init: Failed to deinit Wi-Fi (0x3001)[0m
ESP_ERROR_CHECK failed: esp_err_t 0x1101 (ESP_ERR_NVS_NOT_INITIALIZED) at 0x400da6dc
file: "./main/network.c" line 32
func: wifi_connect_init
expression: esp_wifi_init(&wifi_init_config)

abort() was called at PC 0x4008988b on core 0


Backtrace: 0x40089931:0x3ffbaec0 0x400898f9:0x3ffbaee0 0x40089431:0x3ffbaf00 0x4008988b:0x3ffbaf70 0x400da6dc:0x3ffbafa0 0x400da7ef:0x3ffbb060 0x400da365:0x3ffbb170 0x400d52ae:0x3ffbb1a0 0x40168cfa:0x3ffbb1d0




ELF file SHA256: a33be9064

Rebooting...
ets Jul 29 2019 12:21:46

rst:0xc (SW_CPU_RESET),boot:0x13 (SPI_FAST_FLASH_BOOT)
configsip: 0, SPIWP:0xee
clk_drv:0x00,q_drv:0x00,d_drv:0x00,cs0_drv:0x00,hd_drv:0x00,wp_drv:0x00
mode:DIO, clock div:2
load:0x3fff0040,len:6272
load:0x40078000,len:15848
load:0x40080400,len:3920
entry 0x40080644
[0;32mI (27) boot: ESP-IDF v6.1-dev-2938-g12f36a021f-dirty 2nd stage bootloader[0m
[0;32mI (27) boot: compile time Jun  7 2026 22:17:10[0m
[0;32mI (27) boot: Multicore bootloader[0m
[0;32mI (31) boot: chip revision: v3.1[0m
[0;32mI (34) boot.esp32: SPI Speed      : 40MHz[0m
[0;32mI (37) boot.esp32: SPI Mode       : DIO[0m
[0;32mI (41) boot.esp32: SPI Flash Size : 2MB[0m
[0;32mI (45) boot: Enabling RNG early entropy source...[0m
[0;32mI (49) boot: Partition Table:[0m
[0;32mI (52) boot: ## Label            Usage          Type ST Offset   Length[0m
[0;32mI (58) boot:  0 nvs              WiFi data        01 02 00009000 00006000[0m
[0;32mI (64) boot:  1 phy_init         RF data          01 01 0000f000 00001000[0m
[0;32mI (71) boot:  2 factory          factory app      00 00 00010000 00100000[0m
[0;32mI (78) boot: End of partition table[0m
[0;32mI (81) esp_image: segment 0: paddr=00010020 vaddr=3f400020 size=1eed8h (126680) map[0m
[0;32mI (133) esp_image: segment 1: paddr=0002ef00 vaddr=3ffb0000 size=01118h (  4376) load[0m
[0;32mI (135) esp_image: segment 2: paddr=00030020 vaddr=400d0020 size=9cc60h (642144) map[0m
[0;32mI (366) esp_image: segment 3: paddr=000ccc88 vaddr=3ffb1118 size=03350h ( 13136) load[0m
[0;32mI (371) esp_image: segment 4: paddr=000cffe0 vaddr=40080000 size=14ffch ( 86012) load[0m
[0;32mI (407) esp_image: segment 5: paddr=000e4fe4 vaddr=50000000 size=00028h (    40) load[0m
[0;32mI (417) boot: Loaded app from partition at offset 0x10000[0m
[0;32mI (418) boot: Disabling RNG early entropy source...[0m
[0;32mI (428) cpu_start: Multicore app[0m
[0;32mI (436) cpu_start: GPIO 3 and 1 are used as console UART I/O pins[0m
[0;32mI (437) cpu_start: Pro cpu start user code[0m
[0;32mI (437) cpu_start: cpu freq: 160000000 Hz[0m
[0;32mI (438) app_init: Application information:[0m
[0;32mI (442) app_init: Project name:     EMG+DSP+Telemetry[0m
[0;32mI (447) app_init: App version:      1[0m
[0;32mI (450) app_init: Compile time:     Jun  7 2026 22:13:59[0m
[0;32mI (455) app_init: ELF file SHA256:  a33be9064...[0m
[0;32mI (460) app_init: ESP-IDF:          v6.1-dev-2938-g12f36a021f-dirty[0m
[0;32mI (466) efuse_init: Min chip rev:     v0.0[0m
[0;32mI (470) efuse_init: Max chip rev:     v3.99 [0m
[0;32mI (474) efuse_init: Chip rev:         v3.1[0m
[0;32mI (478) heap_init: Initializing. RAM available for dynamic allocation:[0m
[0;32mI (484) heap_init: At 3FFAE6E0 len 00001920 (6 KiB): DRAM[0m
[0;32mI (489) heap_init: At 3FFB8EB8 len 00027148 (156 KiB): DRAM[0m
[0;32mI (494) heap_init: At 3FFE0440 len 00003AE0 (14 KiB): D/IRAM[0m
[0;32mI (499) heap_init: At 3FFE4350 len 0001BCB0 (111 KiB): D/IRAM[0m
[0;32mI (505) heap_init: At 40094FFC len 0000B004 (44 KiB): IRAM[0m
[0;33mW (511) spi_flash: Detected boya flash chip but using generic driver. For optimal functionality, enable `SPI_FLASH_SUPPORT_BOYA_CHIP` in menuconfig[0m
[0;32mI (523) spi_flash: detected chip: generic[0m
[0;32mI (527) spi_flash: flash io: dio[0m
[0;33mW (530) spi_flash: Detected size(4096k) larger than the size in the binary image header(2048k). Using the size in the binary image header.[0m
[0;32mI (544) main_task: Started on CPU0[0m
[0;32mI (554) main_task: Calling app_main()[0m
[0;33mW (554) wifi:wifi osi_nvs_open fail ret=4353[0m

[0;33mW (554) wifi_init: Failed to unregister Rx callbacks[0m
[1;31mE (554) wifi_init: Failed to deinit Wi-Fi driver (0x3001)[0m
[1;31mE (554) wifi_init: Failed to deinit Wi-Fi (0x3001)[0m
ESP_ERROR_CHECK failed: esp_err_t 0x1101 (ESP_ERR_NVS_NOT_INITIALIZED) at 0x400da6dc
file: "./main/network.c" line 32
func: wifi_connect_init
expression: esp_wifi_init(&wifi_init_config)

abort() was called at PC 0x4008988b on core 0


Backtrace: 0x40089931:0x3ffbaec0 0x400898f9:0x3ffbaee0 0x40089431:0x3ffbaf00 0x4008988b:0x3ffbaf70 0x400da6dc:0x3ffbafa0 0x400da7ef:0x3ffbb060 0x400da365:0x3ffbb170 0x400d52ae:0x3ffbb1a0 0x40168cfa:0x3ffbb1d0




ELF file SHA256: a33be9064

Rebooting...
ets Jul 29 2019 12:21:46

rst:0xc (SW_CPU_RESET),boot:0x13 (SPI_FAST_FLASH_BOOT)
configsip: 0, SPIWP:0xee
clk_drv:0x00,q_drv:0x00,d_drv:0x00,cs0_drv:0x00,hd_drv:0x00,wp_drv:0x00
mode:DIO, clock div:2
load:0x3fff0040,len:6272
load:0x40078000,len:15848
load:0x40080400,len:3920
entry 0x40080644
[0;32mI (27) boot: ESP-IDF v6.1-dev-2938-g12f36a021f-dirty 2nd stage bootloader[0m
[0;32mI (27) boot: compile time Jun  7 2026 22:17:10[0m
[0;32mI (27) boot: Multicore bootloader[0m
[0;32mI (31) boot: chip revision: v3.1[0m
[0;32mI (34) boot.esp32: SPI Speed      : 40MHz[0m
[0;32mI (37) boot.esp32: SPI Mode       : DIO[0m
[0;32mI (41) boot.esp32: SPI Flash Size : 2MB[0m
[0;32mI (45) boot: Enabling RNG early entropy source...[0m
[0;32mI (49) boot: Partition Table:[0m
[0;32mI (52) boot: ## Label            Usage          Type ST Offset   Length[0m
[0;32mI (58) boot:  0 nvs              WiFi data        01 02 00009000 00006000[0m
[0;32mI (64) boot:  1 phy_init         RF data          01 01 0000f000 00001000[0m
[0;32mI (71) boot:  2 factory          factory app      00 00 00010000 00100000[0m
[0;32mI (78) boot: End of partition table[0m
[0;32mI (81) esp_image: segment 0: paddr=00010020 vaddr=3f400020 size=1eed8h (126680) map[0m
[0;32mI (133) esp_image: segment 1: paddr=0002ef00 vaddr=3ffb0000 size=01118h (  4376) load[0m
[0;32mI (135) esp_image: segment 2: paddr=00030020 vaddr=400d0020 size=9cc60h (642144) map[0m
[0;32mI (366) esp_image: segment 3: paddr=000ccc88 vaddr=3ffb1118 size=03350h ( 13136) load[0m
[0;32mI (371) esp_image: segment 4: paddr=000cffe0 vaddr=40080000 size=14ffch ( 86012) load[0m
[0;32mI (407) esp_image: segment 5: paddr=000e4fe4 vaddr=50000000 size=00028h (    40) load[0m
[0;32mI (417) boot: Loaded app from partition at offset 0x10000[0m
[0;32mI (418) boot: Disabling RNG early entropy source...[0m
[0;32mI (428) cpu_start: Multicore app[0m
[0;32mI (436) cpu_start: GPIO 3 and 1 are used as console UART I/O pins[0m
[0;32mI (437) cpu_start: Pro cpu start user code[0m
[0;32mI (437) cpu_start: cpu freq: 160000000 Hz[0m
[0;32mI (438) app_init: Application information:[0m
[0;32mI (442) app_init: Project name:     EMG+DSP+Telemetry[0m
[0;32mI (447) app_init: App version:      1[0m
[0;32mI (450) app_init: Compile time:     Jun  7 2026 22:13:59[0m
[0;32mI (455) app_init: ELF file SHA256:  a33be9064...[0m
[0;32mI (460) app_init: ESP-IDF:          v6.1-dev-2938-g12f36a021f-dirty[0m
[0;32mI (466) efuse_init: Min chip rev:     v0.0[0m
[0;32mI (470) efuse_init: Max chip rev:     v3.99 [0m
[0;32mI (474) efuse_init: Chip rev:         v3.1[0m
[0;32mI (478) heap_init: Initializing. RAM available for dynamic allocation:[0m
[0;32mI (484) heap_init: At 3FFAE6E0 len 00001920 (6 KiB): DRAM[0m
[0;32mI (489) heap_init: At 3FFB8EB8 len 00027148 (156 KiB): DRAM[0m
[0;32mI (494) heap_init: At 3FFE0440 len 00003AE0 (14 KiB): D/IRAM[0m
[0;32mI (499) heap_init: At 3FFE4350 len 0001BCB0 (111 KiB): D/IRAM[0m
[0;32mI (505) heap_init: At 40094FFC len 0000B004 (44 KiB): IRAM[0m
[0;33mW (511) spi_flash: Detected boya flash chip but using generic driver. For optimal functionality, enable `SPI_FLASH_SUPPORT_BOYA_CHIP` in menuconfig[0m
[0;32mI (523) spi_flash: detected chip: generic[0m
[0;32mI (527) spi_flash: flash io: dio[0m
[0;33mW (530) spi_flash: Detected size(4096k) larger than the size in the binary image header(2048k). Using the size in the binary image header.[0m
[0;32mI (544) main_task: Started on CPU0[0m
[0;32mI (554) main_task: Calling app_main()[0m
[0;33mW (554) wifi:wifi osi_nvs_open fail ret=4353[0m

[0;33mW (554) wifi_init: Failed to unregister Rx callbacks[0m
[1;31mE (554) wifi_init: Failed to deinit Wi-Fi driver (0x3001)[0m
[1;31mE (554) wifi_init: Failed to deinit Wi-Fi (0x3001)[0m
ESP_ERROR_CHECK failed: esp_err_t 0x1101 (ESP_ERR_NVS_NOT_INITIALIZED) at 0x400da6dc
file: "./main/network.c" line 32
func: wifi_connect_init
expression: esp_wifi_init(&wifi_init_config)

abort() was called at PC 0x4008988b on core 0


Backtrace: 0x40089931:0x3ffbaec0 0x400898f9:0x3ffbaee0 0x40089431:0x3ffbaf00 0x4008988b:0x3ffbaf70 0x400da6dc:0x3ffbafa0 0x400da7ef:0x3ffbb060 0x400da365:0x3ffbb170 0x400d52ae:0x3ffbb1a0 0x40168cfa:0x3ffbb1d0




ELF file SHA256: a33be9064

Rebooting...
ets Jul 29 2019 12:21:46

rst:0xc (SW_CPU_RESET),boot:0x13 (SPI_FAST_FLASH_BOOT)
configsip: 0, SPIWP:0xee
clk_drv:0x00,q_drv:0x00,d_drv:0x00,cs0_drv:0x00,hd_drv:0x00,wp_drv:0x00
mode:DIO, clock div:2
load:0x3fff0040,len:6272
load:0x40078000,len:15848
load:0x40080400,len:3920
entry 0x40080644
[0;32mI (27) boot: ESP-IDF v6.1-dev-2938-g12f36a021f-dirty 2nd stage bootloader[0m
[0;32mI (27) boot: compile time Jun  7 2026 22:17:10[0m
[0;32mI (27) boot: Multicore bootloader[0m
[0;32mI (31) boot: chip revision: v3.1[0m
[0;32mI (34) boot.esp32: SPI Speed      : 40MHz[0m
[0;32mI (37) boot.esp32: SPI Mode       : DIO[0m
[0;32mI (41) boot.esp32: SPI Flash Size : 2MB[0m
[0;32mI (45) boot: Enabling RNG early entropy source...[0m
[0;32mI (49) boot: Partition Table:[0m
[0;32mI (52) boot: ## Label            Usage          Type ST Offset   Length[0m
[0;32mI (58) boot:  0 nvs              WiFi data        01 02 00009000 00006000[0m
[0;32mI (64) boot:  1 phy_init         RF data          01 01 0000f000 00001000[0m
[0;32mI (71) boot:  2 factory          factory app      00 00 00010000 00100000[0m
[0;32mI (78) boot: End of partition table[0m
[0;32mI (81) esp_image: segment 0: paddr=00010020 vaddr=3f400020 size=1eed8h (126680) map[0m
[0;32mI (133) esp_image: segment 1: paddr=0002ef00 vaddr=3ffb0000 size=01118h (  4376) load[0m
[0;32mI (135) esp_image: segment 2: paddr=00030020 vaddr=400d0020 size=9cc60h (642144) map[0m
[0;32mI (366) esp_image: segment 3: paddr=000ccc88 vaddr=3ffb1118 size=03350h ( 13136) load[0m
[0;32mI (371) esp_image: segment 4: paddr=000cffe0 vaddr=40080000 size=14ffch ( 86012) load[0m
[0;32mI (407) esp_image: segment 5: paddr=000e4fe4 vaddr=50000000 size=00028h (    40) load[0m
[0;32mI (417) boot: Loaded app from partition at offset 0x10000[0m
[0;32mI (418) boot: Disabling RNG early entropy source...[0m
[0;32mI (428) cpu_start: Multicore app[0m
[0;32mI (436) cpu_start: GPIO 3 and 1 are used as console UART I/O pins[0m
[0;32mI (437) cpu_start: Pro cpu start user code[0m
[0;32mI (437) cpu_start: cpu freq: 160000000 Hz[0m
[0;32mI (438) app_init: Application information:[0m
[0;32mI (442) app_init: Project name:     EMG+DSP+Telemetry[0m
[0;32mI (447) app_init: App version:      1[0m
[0;32mI (450) app_init: Compile time:     Jun  7 2026 22:13:59[0m
[0;32mI (455) app_init: ELF file SHA256:  a33be9064...[0m
[0;32mI (460) app_init: ESP-IDF:          v6.1-dev-2938-g12f36a021f-dirty[0m
[0;32mI (466) efuse_init: Min chip rev:     v0.0[0m
[0;32mI (470) efuse_init: Max chip rev:     v3.99 [0m
[0;32mI (474) efuse_init: Chip rev:         v3.1[0m
[0;32mI (478) heap_init: Initializing. RAM available for dynamic allocation:[0m
[0;32mI (484) heap_init: At 3FFAE6E0 len 00001920 (6 KiB): DRAM[0m
[0;32mI (489) heap_init: At 3FFB8EB8 len 00027148 (156 KiB): DRAM[0m
[0;32mI (494) heap_init: At 3FFE0440 len 00003AE0 (14 KiB): D/IRAM[0m
[0;32mI (499) heap_init: At 3FFE4350 len 0001BCB0 (111 KiB): D/IRAM[0m
[0;32mI (505) heap_init: At 40094FFC len 0000B004 (44 KiB): IRAM[0m
[0;33mW (511) spi_flash: Detected boya flash chip but using generic driver. For optimal functionality, enable `SPI_FLASH_SUPPORT_BOYA_CHIP` in menuconfig[0m
[0;32mI (523) spi_flash: detected chip: generic[0m
[0;32mI (527) spi_flash: flash io: dio[0m
[0;33mW (530) spi_flash: Detected size(4096k) larger than the size in the binary image header(2048k). Using the size in the binary image header.[0m
[0;32mI (544) main_task: Started on CPU0[0m
[0;32mI (554) main_task: Calling app_main()[0m
[0;33mW (554) wifi:wifi osi_nvs_open fail ret=4353[0m

[0;33mW (554) wifi_init: Failed to unregister Rx callbacks[0m
[1;31mE (554) wifi_init: Failed to deinit Wi-Fi driver (0x3001)[0m
[1;31mE (554) wifi_init: Failed to deinit Wi-Fi (0x3001)[0m
ESP_ERROR_CHECK failed: esp_err_t 0x1101 (ESP_ERR_NVS_NOT_INITIALIZED) at 0x400da6dc
file: "./main/network.c" line 32
func: wifi_connect_init
expression: esp_wifi_init(&wifi_init_config)

abort() was called at PC 0x4008988b on core 0


Backtrace: 0x40089931:0x3ffbaec0 0x400898f9:0x3ffbaee0 0x40089431:0x3ffbaf00 0x4008988b:0x3ffbaf70 0x400da6dc:0x3ffbafa0 0x400da7ef:0x3ffbb060 0x400da365:0x3ffbb170 0x400d52ae:0x3ffbb1a0 0x40168cfa:0x3ffbb1d0




ELF file SHA256: a33be9064

Rebooting...
ets Jul 29 2019 12:21:46

rst:0xc (SW_CPU_RESET),boot:0x13 (SPI_FAST_FLASH_BOOT)
configsip: 0, SPIWP:0xee
clk_drv:0x00,q_drv:0x00,d_drv:0x00,cs0_drv:0x00,hd_drv:0x00,wp_drv:0x00
mode:DIO, clock div:2
load:0x3fff0040,len:6272
load:0x40078000,len:15848
load:0x40080400,len:3920
entry 0x40080644
[0;32mI (27) boot: ESP-IDF v6.1-dev-2938-g12f36a021f-dirty 2nd stage bootloader[0m
[0;32mI (27) boot: compile time Jun  7 2026 22:17:10[0m
[0;32mI (27) boot: Multicore bootloader[0m
[0;32mI (31) boot: chip revision: v3.1[0m
[0;32mI (34) boot.esp32: SPI Speed      : 40MHz[0m
[0;32mI (37) boot.esp32: SPI Mode       : DIO[0m
[0;32mI (41) boot.esp32: SPI Flash Size : 2MB[0m
[0;32mI (45) boot: Enabling RNG early entropy source...[0m
[0;32mI (49) boot: Partition Table:[0m
[0;32mI (52) boot: ## Label            Usage          Type ST Offset   Length[0m
[0;32mI (58) boot:  0 nvs              WiFi data        01 02 00009000 00006000[0m
[0;32mI (64) boot:  1 phy_init         RF data          01 01 0000f000 00001000[0m
[0;32mI (71) boot:  2 factory          factory app      00 00 00010000 00100000[0m
[0;32mI (78) boot: End of partition table[0m
[0;32mI (81) esp_image: segment 0: paddr=00010020 vaddr=3f400020 size=1eed8h (126680) map[0m
[0;32mI (133) esp_image: segment 1: paddr=0002ef00 vaddr=3ffb0000 size=01118h (  4376) load[0m
[0;32mI (135) esp_image: segment 2: paddr=00030020 vaddr=400d0020 size=9cc60h (642144) map[0m
[0;32mI (366) esp_image: segment 3: paddr=000ccc88 vaddr=3ffb1118 size=03350h ( 13136) load[0m
[0;32mI (371) esp_image: segment 4: paddr=000cffe0 vaddr=40080000 size=14ffch ( 86012) load[0m
[0;32mI (407) esp_image: segment 5: paddr=000e4fe4 vaddr=50000000 size=00028h (    40) load[0m
[0;32mI (417) boot: Loaded app from partition at offset 0x10000[0m
[0;32mI (418) boot: Disabling RNG early entropy source...[0m
[0;32mI (428) cpu_start: Multicore app[0m
[0;32mI (436) cpu_start: GPIO 3 and 1 are used as console UART I/O pins[0m
[0;32mI (437) cpu_start: Pro cpu start user code[0m
[0;32mI (437) cpu_start: cpu freq: 160000000 Hz[0m
[0;32mI (438) app_init: Application information:[0m
[0;32mI (442) app_init: Project name:     EMG+DSP+Telemetry[0m
[0;32mI (447) app_init: App version:      1[0m
[0;32mI (450) app_init: Compile time:     Jun  7 2026 22:13:59[0m
[0;32mI (455) app_init: ELF file SHA256:  a33be9064...[0m
[0;32mI (460) app_init: ESP-IDF:          v6.1-dev-2938-g12f36a021f-dirty[0m
[0;32mI (466) efuse_init: Min chip rev:     v0.0[0m
[0;32mI (470) efuse_init: Max chip rev:     v3.99 [0m
[0;32mI (474) efuse_init: Chip rev:         v3.1[0m
[0;32mI (478) heap_init: Initializing. RAM available for dynamic allocation:[0m
[0;32mI (484) heap_init: At 3FFAE6E0 len 00001920 (6 KiB): DRAM[0m
[0;32mI (489) heap_init: At 3FFB8EB8 len 00027148 (156 KiB): DRAM[0m
[0;32mI (494) heap_init: At 3FFE0440 len 00003AE0 (14 KiB): D/IRAM[0m
[0;32mI (499) heap_init: At 3FFE4350 len 0001BCB0 (111 KiB): D/IRAM[0m
[0;32mI (505) heap_init: At 40094FFC len 0000B004 (44 KiB): IRAM[0m
[0;33mW (511) spi_flash: Detected boya flash chip but using generic driver. For optimal functionality, enable `SPI_FLASH_SUPPORT_BOYA_CHIP` in menuconfig[0m
[0;32mI (523) spi_flash: detected chip: generic[0m
[0;32mI (527) spi_flash: flash io: dio[0m
[0;33mW (530) spi_flash: Detected size(4096k) larger than the size in the binary image header(2048k). Using the size in the binary image header.[0m
[0;32mI (544) main_task: Started on CPU0[0m
[0;32mI (554) main_task: Calling app_main()[0m
[0;33mW (554) wifi:wifi osi_nvs_open fail ret=4353[0m

[0;33mW (554) wifi_init: Failed to unregister Rx callbacks[0m
[1;31mE (554) wifi_init: Failed to deinit Wi-Fi driver (0x3001)[0m
[1;31mE (554) wifi_init: Failed to deinit Wi-Fi (0x3001)[0m
ESP_ERROR_CHECK failed: esp_err_t 0x1101 (ESP_ERR_NVS_NOT_INITIALIZED) at 0x400da6dc
file: "./main/network.c" line 32
func: wifi_connect_init
expression: esp_wifi_init(&wifi_init_config)

abort() was called at PC 0x4008988b on core 0


Backtrace: 0x40089931:0x3ffbaec0 0x400898f9:0x3ffbaee0 0x40089431:0x3ffbaf00 0x4008988b:0x3ffbaf70 0x400da6dc:0x3ffbafa0 0x400da7ef:0x3ffbb060 0x400da365:0x3ffbb170 0x400d52ae:0x3ffbb1a0 0x40168cfa:0x3ffbb1d0




ELF file SHA256: a33be9064

Rebooting...
ets Jul 29 2019 12:21:46

rst:0xc (SW_CPU_RESET),boot:0x13 (SPI_FAST_FLASH_BOOT)
configsip: 0, SPIWP:0xee
clk_drv:0x00,q_drv:0x00,d_drv:0x00,cs0_drv:0x00,hd_drv:0x00,wp_drv:0x00
mode:DIO, clock div:2
load:0x3fff0040,len:6272
load:0x40078000,len:15848
load:0x40080400,len:3920
entry 0x40080644
[0;32mI (27) boot: ESP-IDF v6.1-dev-2938-g12f36a021f-dirty 2nd stage bootloader[0m
[0;32mI (27) boot: compile time Jun  7 2026 22:17:10[0m
[0;32mI (27) boot: Multicore bootloader[0m
[0;32mI (31) boot: chip revision: v3.1[0m
[0;32mI (34) boot.esp32: SPI Speed      : 40MHz[0m
[0;32mI (37) boot.esp32: SPI Mode       : DIO[0m
[0;32mI (41) boot.esp32: SPI Flash Size : 2MB[0m
[0;32mI (45) boot: Enabling RNG early entropy source...[0m
[0;32mI (49) boot: Partition Table:[0m
[0;32mI (52) boot: ## Label            Usage          Type ST Offset   Length[0m
[0;32mI (58) boot:  0 nvs              WiFi data        01 02 00009000 00006000[0m
[0;32mI (64) boot:  1 phy_init         RF data          01 01 0000f000 00001000[0m
[0;32mI (71) boot:  2 factory          factory app      00 00 00010000 00100000[0m
[0;32mI (78) boot: End of partition table[0m
[0;32mI (81) esp_image: segment 0: paddr=00010020 vaddr=3f400020 size=1eed8h (126680) map[0m
[0;32mI (133) esp_image: segment 1: paddr=0002ef00 vaddr=3ffb0000 size=01118h (  4376) load[0m
[0;32mI (135) esp_image: segment 2: paddr=00030020 vaddr=400d0020 size=9cc60h (642144) map[0m
[0;32mI (366) esp_image: segment 3: paddr=000ccc88 vaddr=3ffb1118 size=03350h ( 13136) load[0m
[0;32mI (371) esp_image: segment 4: paddr=000cffe0 vaddr=40080000 size=14ffch ( 86012) load[0m
[0;32mI (407) esp_image: segment 5: paddr=000e4fe4 vaddr=50000000 size=00028h (    40) load[0m
[0;32mI (417) boot: Loaded app from partition at offset 0x10000[0m
[0;32mI (418) boot: Disabling RNG early entropy source...[0m
[0;32mI (428) cpu_start: Multicore app[0m
[0;32mI (436) cpu_start: GPIO 3 and 1 are used as console UART I/O pins[0m
[0;32mI (437) cpu_start: Pro cpu start user code[0m
[0;32mI (437) cpu_start: cpu freq: 160000000 Hz[0m
[0;32mI (438) app_init: Application information:[0m
[0;32mI (442) app_init: Project name:     EMG+DSP+Telemetry[0m
[0;32mI (447) app_init: App version:      1[0m
[0;32mI (450) app_init: Compile time:     Jun  7 2026 22:13:59[0m
[0;32mI (455) app_init: ELF file SHA256:  a33be9064...[0m
[0;32mI (460) app_init: ESP-IDF:          v6.1-dev-2938-g12f36a021f-dirty[0m
[0;32mI (466) efuse_init: Min chip rev:     v0.0[0m
[0;32mI (470) efuse_init: Max chip rev:     v3.99 [0m
